Archive member included to satisfy reference by file (symbol)

/usr/lib/gcc/arm-none-eabi/7.3.1/thumb/v6-m/libgcc.a(_dvmd_tls.o)
                              CMakeFiles/picampinos.dir/root/pico-sdk/src/rp2_common/pico_divider/divider.S.obj (__aeabi_idiv0)
/usr/lib/gcc/arm-none-eabi/7.3.1/../../../arm-none-eabi/lib/thumb/v6-m/libc.a(lib_a-atexit.o)
                              /usr/lib/gcc/arm-none-eabi/7.3.1/../../../arm-none-eabi/lib/thumb/v6-m/crt0.o (atexit)
/usr/lib/gcc/arm-none-eabi/7.3.1/../../../arm-none-eabi/lib/thumb/v6-m/libc.a(lib_a-calloc.o)
                              CMakeFiles/picampinos.dir/root/pico-sdk/src/rp2_common/pico_malloc/pico_malloc.c.obj (calloc)
/usr/lib/gcc/arm-none-eabi/7.3.1/../../../arm-none-eabi/lib/thumb/v6-m/libc.a(lib_a-callocr.o)
                              /usr/lib/gcc/arm-none-eabi/7.3.1/../../../arm-none-eabi/lib/thumb/v6-m/libc.a(lib_a-calloc.o) (_calloc_r)
/usr/lib/gcc/arm-none-eabi/7.3.1/../../../arm-none-eabi/lib/thumb/v6-m/libc.a(lib_a-fini.o)
                              /usr/lib/gcc/arm-none-eabi/7.3.1/../../../arm-none-eabi/lib/thumb/v6-m/crt0.o (__libc_fini_array)
/usr/lib/gcc/arm-none-eabi/7.3.1/../../../arm-none-eabi/lib/thumb/v6-m/libc.a(lib_a-impure.o)
                              /usr/lib/gcc/arm-none-eabi/7.3.1/../../../arm-none-eabi/lib/thumb/v6-m/libc.a(lib_a-calloc.o) (_impure_ptr)
/usr/lib/gcc/arm-none-eabi/7.3.1/../../../arm-none-eabi/lib/thumb/v6-m/libc.a(lib_a-init.o)
                              /usr/lib/gcc/arm-none-eabi/7.3.1/../../../arm-none-eabi/lib/thumb/v6-m/crt0.o (__libc_init_array)
/usr/lib/gcc/arm-none-eabi/7.3.1/../../../arm-none-eabi/lib/thumb/v6-m/libc.a(lib_a-malloc.o)
                              CMakeFiles/picampinos.dir/root/pico-sdk/src/rp2_common/pico_malloc/pico_malloc.c.obj (malloc)
/usr/lib/gcc/arm-none-eabi/7.3.1/../../../arm-none-eabi/lib/thumb/v6-m/libc.a(lib_a-mallocr.o)
                              /usr/lib/gcc/arm-none-eabi/7.3.1/../../../arm-none-eabi/lib/thumb/v6-m/libc.a(lib_a-callocr.o) (_malloc_r)
/usr/lib/gcc/arm-none-eabi/7.3.1/../../../arm-none-eabi/lib/thumb/v6-m/libc.a(lib_a-mlock.o)
                              /usr/lib/gcc/arm-none-eabi/7.3.1/../../../arm-none-eabi/lib/thumb/v6-m/libc.a(lib_a-mallocr.o) (__malloc_lock)
/usr/lib/gcc/arm-none-eabi/7.3.1/../../../arm-none-eabi/lib/thumb/v6-m/libc.a(lib_a-realloc.o)
                              CMakeFiles/picampinos.dir/root/pico-sdk/src/rp2_common/pico_malloc/pico_malloc.c.obj (realloc)
/usr/lib/gcc/arm-none-eabi/7.3.1/../../../arm-none-eabi/lib/thumb/v6-m/libc.a(lib_a-reallocr.o)
                              /usr/lib/gcc/arm-none-eabi/7.3.1/../../../arm-none-eabi/lib/thumb/v6-m/libc.a(lib_a-realloc.o) (_realloc_r)
/usr/lib/gcc/arm-none-eabi/7.3.1/../../../arm-none-eabi/lib/thumb/v6-m/libc.a(lib_a-sbrkr.o)
                              /usr/lib/gcc/arm-none-eabi/7.3.1/../../../arm-none-eabi/lib/thumb/v6-m/libc.a(lib_a-mallocr.o) (_sbrk_r)
/usr/lib/gcc/arm-none-eabi/7.3.1/../../../arm-none-eabi/lib/thumb/v6-m/libc.a(lib_a-strlen-stub.o)
                              CMakeFiles/picampinos.dir/root/pico-sdk/src/rp2_common/pico_stdio/stdio.c.obj (strlen)
/usr/lib/gcc/arm-none-eabi/7.3.1/../../../arm-none-eabi/lib/thumb/v6-m/libc.a(lib_a-__atexit.o)
                              /usr/lib/gcc/arm-none-eabi/7.3.1/../../../arm-none-eabi/lib/thumb/v6-m/libc.a(lib_a-atexit.o) (__register_exitproc)
/usr/lib/gcc/arm-none-eabi/7.3.1/../../../arm-none-eabi/lib/thumb/v6-m/libc.a(lib_a-freer.o)
                              /usr/lib/gcc/arm-none-eabi/7.3.1/../../../arm-none-eabi/lib/thumb/v6-m/libc.a(lib_a-malloc.o) (_free_r)
/usr/lib/gcc/arm-none-eabi/7.3.1/../../../arm-none-eabi/lib/thumb/v6-m/libc.a(lib_a-memmove.o)
                              /usr/lib/gcc/arm-none-eabi/7.3.1/../../../arm-none-eabi/lib/thumb/v6-m/libc.a(lib_a-reallocr.o) (memmove)
/usr/lib/gcc/arm-none-eabi/7.3.1/../../../arm-none-eabi/lib/thumb/v6-m/libc.a(lib_a-reent.o)
                              /usr/lib/gcc/arm-none-eabi/7.3.1/../../../arm-none-eabi/lib/thumb/v6-m/libc.a(lib_a-sbrkr.o) (errno)

Allocating common symbols
Common symbol       size              file

DMA_SER_WR0         0x4               CMakeFiles/picampinos.dir/sfp_hw.c.obj
cam_ptr2            0x4               CMakeFiles/picampinos.dir/cam.c.obj
sf_table            0x100             CMakeFiles/picampinos.dir/root/pico-sdk/src/rp2_common/pico_float/float_init_rom.c.obj
DMA_CAM_RD_CH0      0x4               CMakeFiles/picampinos.dir/cam.c.obj
errno               0x4               /usr/lib/gcc/arm-none-eabi/7.3.1/../../../arm-none-eabi/lib/thumb/v6-m/libc.a(lib_a-reent.o)
DMA_CAM_RD_CH1      0x4               CMakeFiles/picampinos.dir/cam.c.obj
offset_iot          0x4               CMakeFiles/picampinos.dir/iot_sram.c.obj
DMA_IOT_RD_CH       0x4               CMakeFiles/picampinos.dir/cam.c.obj
_usbd_qdef_buf      0xc0              CMakeFiles/picampinos.dir/root/pico-sdk/lib/tinyusb/src/device/usbd.c.obj
[...]
Memory Configuration

Name             Origin             Length             Attributes
FLASH            0x0000000010000000 0x0000000000200000 xr
RAM              0x0000000020000000 0x0000000000040000 xrw
SCRATCH_X        0x0000000020040000 0x0000000000001000 xrw
SCRATCH_Y        0x0000000020041000 0x0000000000001000 xrw
*default*        0x0000000000000000 0xffffffffffffffff

Linker script and memory map

LOAD /usr/lib/gcc/arm-none-eabi/7.3.1/thumb/v6-m/crti.o
LOAD /usr/lib/gcc/arm-none-eabi/7.3.1/thumb/v6-m/crtbegin.o
LOAD /usr/lib/gcc/arm-none-eabi/7.3.1/../../../arm-none-eabi/lib/thumb/v6-m/crt0.o

.flash_begin    0x0000000010000000        0x0
                0x0000000010000000                __flash_binary_start = .

.boot2          0x0000000010000000      0x100
                0x0000000010000000                __boot2_start__ = .
 *(.boot2)
 .boot2         0x0000000010000000      0x100 /tmp/ccdfQEaY.o
                0x0000000010000100                __boot2_end__ = .
                0x0000000000000001                ASSERT (((__boot2_end__ - __boot2_start__) == 0x100), ERROR: Pico second stage bootloader must be 256 bytes in size)

.text           0x0000000010000100     0xecc8
                0x0000000010000100                __logical_binary_start = .
 *(.vectors)
 .vectors       0x0000000010000100       0xd4 CMakeFiles/picampinos.dir/root/pico-sdk/src/rp2_common/pico_standard_link/crt0.S.obj
                0x0000000010000100                __vectors
                0x0000000010000100                __VECTOR_TABLE
                0x00000000100001c0                isr_invalid
                0x00000000100001c0                __default_isrs_start
                0x00000000100001c2                isr_nmi
                0x00000000100001c4                isr_hardfault
                0x00000000100001c6                isr_svcall
                0x00000000100001c8                isr_pendsv
                0x00000000100001ca                isr_systick
                0x00000000100001cc                isr_irq30
                0x00000000100001cc                __unhandled_user_irq
                0x00000000100001cc                isr_irq13
                0x00000000100001cc                isr_irq27
                0x00000000100001cc                isr_irq31
                0x00000000100001cc                isr_irq5
                0x00000000100001cc                isr_irq11
                0x00000000100001cc                isr_irq23
                0x00000000100001cc                isr_irq18
                0x00000000100001cc                isr_irq28
                0x00000000100001cc                isr_irq19
                0x00000000100001cc                isr_irq0
                0x00000000100001cc                isr_irq6
                0x00000000100001cc                isr_irq22
                0x00000000100001cc                isr_irq17
                0x00000000100001cc                isr_irq14
                0x00000000100001cc                isr_irq2
                0x00000000100001cc                isr_irq10
                0x00000000100001cc                isr_irq8
                0x00000000100001cc                isr_irq24
                0x00000000100001cc                isr_irq1
                0x00000000100001cc                isr_irq7
                0x00000000100001cc                isr_irq21
                0x00000000100001cc                isr_irq20
                0x00000000100001cc                isr_irq15
                0x00000000100001cc                isr_irq25
                0x00000000100001cc                isr_irq4
                0x00000000100001cc                isr_irq16
                0x00000000100001cc                isr_irq29
                0x00000000100001cc                isr_irq26
                0x00000000100001cc                __default_isrs_end
                0x00000000100001cc                isr_irq3
                0x00000000100001cc                isr_irq12
                0x00000000100001cc                isr_irq9
                0x00000000100001d2                unhandled_user_irq_num_in_r0
 *(.binary_info_header)
 .binary_info_header
                0x00000000100001d4       0x14 CMakeFiles/picampinos.dir/root/pico-sdk/src/rp2_common/pico_standard_link/crt0.S.obj
                0x00000000100001e8                __binary_info_header_end = .
 *(.reset)
 .reset         0x00000000100001e8       0xa8 CMakeFiles/picampinos.dir/root/pico-sdk/src/rp2_common/pico_standard_link/crt0.S.obj
                0x00000000100001e8                _entry_point
                0x0000000010000266                __get_current_exception
 .reset         0x0000000010000290       0x30 CMakeFiles/picampinos.dir/root/pico-sdk/src/rp2_common/pico_standard_link/binary_info.c.obj
 *(.init)
 .init          0x00000000100002c0        0x4 /usr/lib/gcc/arm-none-eabi/7.3.1/thumb/v6-m/crti.o
                0x00000000100002c0                _init
 *(EXCLUDE_FILE(*libm.a: *libc.a:*lib_a-mem*.o *libgcc.a:) .text*)
 .text          0x00000000100002c4       0x98 /usr/lib/gcc/arm-none-eabi/7.3.1/thumb/v6-m/crtbegin.o
 .text.setup    0x000000001000035c       0x6c CMakeFiles/picampinos.dir/main.c.obj
                0x000000001000035c                setup
 .text.startup.main
                0x00000000100003c8       0xd4 CMakeFiles/picampinos.dir/main.c.obj
                0x00000000100003c8                main
 .text.cam_handler
                0x000000001000049c      0x100 CMakeFiles/picampinos.dir/cam.c.obj
                0x000000001000049c                cam_handler
 .text.init_cam
                0x000000001000059c      0x1c8 CMakeFiles/picampinos.dir/cam.c.obj
                0x000000001000059c                init_cam
 .text.config_cam_buffer
                0x0000000010000764      0x100 CMakeFiles/picampinos.dir/cam.c.obj
                0x0000000010000764                config_cam_buffer
 .text.start_cam
                0x0000000010000864       0x6c CMakeFiles/picampinos.dir/cam.c.obj
                0x0000000010000864                start_cam
 .text.sfp_cam  0x00000000100008d0      0x11c CMakeFiles/picampinos.dir/cam.c.obj
                0x00000000100008d0                sfp_cam
 .text.reg_write.constprop.0
                0x00000000100009ec       0x40 CMakeFiles/picampinos.dir/sccb_if.c.obj
 .text.sccb_init
                0x0000000010000a2c     0x45a4 CMakeFiles/picampinos.dir/sccb_if.c.obj
                0x0000000010000a2c                sccb_init
 .text.iot_sram_set_qpi_mode
                0x0000000010004fd0       0x94 CMakeFiles/picampinos.dir/iot_sram.c.obj
                0x0000000010004fd0                iot_sram_set_qpi_mode
 .text.iot_sram_init
                0x0000000010005064      0x118 CMakeFiles/picampinos.dir/iot_sram.c.obj
                0x0000000010005064                iot_sram_init
 .text.iot_sram_write
                0x000000001000517c      0x118 CMakeFiles/picampinos.dir/iot_sram.c.obj
                0x000000001000517c                iot_sram_write
 .text.iot_sram_read
                0x0000000010005294      0x128 CMakeFiles/picampinos.dir/iot_sram.c.obj
                0x0000000010005294                iot_sram_read
 .text.udp_init
                0x00000000100053bc       0x6c CMakeFiles/picampinos.dir/udp.c.obj
                0x00000000100053bc                udp_init
 .text.sfp_hw_init
                0x0000000010005428      0x19c CMakeFiles/picampinos.dir/sfp_hw.c.obj
                0x0000000010005428                sfp_hw_init
 .text.sfp_send
                0x00000000100055c4       0x50 CMakeFiles/picampinos.dir/sfp_hw.c.obj
                0x00000000100055c4                sfp_send
 .text.sfp_send_with_header
                0x0000000010005614       0x7c CMakeFiles/picampinos.dir/sfp_hw.c.obj
                0x0000000010005614                sfp_send_with_header
 .text.__wrap_calloc
                0x0000000010005690       0x24 CMakeFiles/picampinos.dir/root/pico-sdk/src/rp2_common/pico_malloc/pico_malloc.c.obj
                0x0000000010005690                __wrap_calloc
 .text.lock_init
                0x00000000100056b4       0x10 CMakeFiles/picampinos.dir/root/pico-sdk/src/common/pico_sync/lock_core.c.obj
                0x00000000100056b4                lock_init
 .text.spin_locks_reset
                0x00000000100056c4       0x1c CMakeFiles/picampinos.dir/root/pico-sdk/src/rp2_common/hardware_sync/sync.c.obj
                0x00000000100056c4                spin_locks_reset
 .text.next_striped_spin_lock_num
                0x00000000100056e0       0x18 CMakeFiles/picampinos.dir/root/pico-sdk/src/rp2_common/hardware_sync/sync.c.obj
                0x00000000100056e0                next_striped_spin_lock_num
 .text.spin_lock_claim_unused
                0x00000000100056f8       0x20 CMakeFiles/picampinos.dir/root/pico-sdk/src/rp2_common/hardware_sync/sync.c.obj
                0x00000000100056f8                spin_lock_claim_unused
 .text.hw_claim_lock
                0x0000000010005718       0x18 CMakeFiles/picampinos.dir/root/pico-sdk/src/rp2_common/hardware_claim/claim.c.obj
                0x0000000010005718                hw_claim_lock
 .text.hw_claim_unlock
                0x0000000010005730       0x14 CMakeFiles/picampinos.dir/root/pico-sdk/src/rp2_common/hardware_claim/claim.c.obj
                0x0000000010005730                hw_claim_unlock
 .text.hw_claim_or_assert
                0x0000000010005744       0x44 CMakeFiles/picampinos.dir/root/pico-sdk/src/rp2_common/hardware_claim/claim.c.obj
                0x0000000010005744                hw_claim_or_assert
 .text.hw_claim_unused_from_range
                0x0000000010005788       0x9c CMakeFiles/picampinos.dir/root/pico-sdk/src/rp2_common/hardware_claim/claim.c.obj
                0x0000000010005788                hw_claim_unused_from_range
 .text.running_on_fpga
                0x0000000010005824       0x10 CMakeFiles/picampinos.dir/root/pico-sdk/src/rp2_common/pico_platform/platform.c.obj
                0x0000000010005824                running_on_fpga
 .text.timer_pool_entry_comparator
                0x0000000010005834       0x34 CMakeFiles/picampinos.dir/root/pico-sdk/src/common/pico_time/time.c.obj
                0x0000000010005834                timer_pool_entry_comparator
 .text.sleep_until_callback
                0x0000000010005868       0x30 CMakeFiles/picampinos.dir/root/pico-sdk/src/common/pico_time/time.c.obj
 .text.add_alarm_under_lock
                0x0000000010005898      0x120 CMakeFiles/picampinos.dir/root/pico-sdk/src/common/pico_time/time.c.obj
 .text.alarm_pool_alarm_callback
                0x00000000100059b8      0x1dc CMakeFiles/picampinos.dir/root/pico-sdk/src/common/pico_time/time.c.obj
 .text.alarm_pool_init_default
                0x0000000010005b94       0x64 CMakeFiles/picampinos.dir/root/pico-sdk/src/common/pico_time/time.c.obj
                0x0000000010005b94                alarm_pool_init_default
 .text.alarm_pool_get_default
                0x0000000010005bf8        0x8 CMakeFiles/picampinos.dir/root/pico-sdk/src/common/pico_time/time.c.obj
                0x0000000010005bf8                alarm_pool_get_default
 .text.alarm_pool_add_alarm_at
                0x0000000010005c00      0x1ac CMakeFiles/picampinos.dir/root/pico-sdk/src/common/pico_time/time.c.obj
                0x0000000010005c00                alarm_pool_add_alarm_at
 .text.sleep_until
                0x0000000010005dac      0x1ec CMakeFiles/picampinos.dir/root/pico-sdk/src/common/pico_time/time.c.obj
                0x0000000010005dac                sleep_until
 .text.sleep_ms
                0x0000000010005f98       0x38 CMakeFiles/picampinos.dir/root/pico-sdk/src/common/pico_time/time.c.obj
                0x0000000010005f98                sleep_ms
 .text.best_effort_wfe_or_timeout
                0x0000000010005fd0      0x1b4 CMakeFiles/picampinos.dir/root/pico-sdk/src/common/pico_time/time.c.obj
                0x0000000010005fd0                best_effort_wfe_or_timeout
 .text.hardware_alarm_irq_handler
                0x0000000010006184       0xb0 CMakeFiles/picampinos.dir/root/pico-sdk/src/rp2_common/hardware_timer/timer.c.obj
 .text.hardware_alarm_claim
                0x0000000010006234       0x18 CMakeFiles/picampinos.dir/root/pico-sdk/src/rp2_common/hardware_timer/timer.c.obj
                0x0000000010006234                hardware_alarm_claim
 .text.time_us_64
                0x000000001000624c       0x18 CMakeFiles/picampinos.dir/root/pico-sdk/src/rp2_common/hardware_timer/timer.c.obj
                0x000000001000624c                time_us_64
 .text.busy_wait_ms
                0x0000000010006264       0x94 CMakeFiles/picampinos.dir/root/pico-sdk/src/rp2_common/hardware_timer/timer.c.obj
                0x0000000010006264                busy_wait_ms
 .text.busy_wait_until
                0x00000000100062f8       0x20 CMakeFiles/picampinos.dir/root/pico-sdk/src/rp2_common/hardware_timer/timer.c.obj
                0x00000000100062f8                busy_wait_until
 .text.hardware_alarm_set_callback
                0x0000000010006318       0x8c CMakeFiles/picampinos.dir/root/pico-sdk/src/rp2_common/hardware_timer/timer.c.obj
                0x0000000010006318                hardware_alarm_set_callback
 .text.hardware_alarm_set_target
                0x00000000100063a4       0xd8 CMakeFiles/picampinos.dir/root/pico-sdk/src/rp2_common/hardware_timer/timer.c.obj
                0x00000000100063a4                hardware_alarm_set_target
 .text.hardware_alarm_cancel
                0x000000001000647c       0x40 CMakeFiles/picampinos.dir/root/pico-sdk/src/rp2_common/hardware_timer/timer.c.obj
                0x000000001000647c                hardware_alarm_cancel
 .text.ph_merge_two_pass.part.3
                0x00000000100064bc       0xcc CMakeFiles/picampinos.dir/root/pico-sdk/src/common/pico_util/pheap.c.obj
 .text.ph_post_alloc_init
                0x0000000010006588       0x3c CMakeFiles/picampinos.dir/root/pico-sdk/src/common/pico_util/pheap.c.obj
                0x0000000010006588                ph_post_alloc_init
 .text.ph_remove_head
                0x00000000100065c4      0x158 CMakeFiles/picampinos.dir/root/pico-sdk/src/common/pico_util/pheap.c.obj
                0x00000000100065c4                ph_remove_head
 .text.ph_remove_and_free_node
                0x000000001000671c      0x340 CMakeFiles/picampinos.dir/root/pico-sdk/src/common/pico_util/pheap.c.obj
                0x000000001000671c                ph_remove_and_free_node
 .text.mutex_init
                0x0000000010006a5c       0x1c CMakeFiles/picampinos.dir/root/pico-sdk/src/common/pico_sync/mutex.c.obj
                0x0000000010006a5c                mutex_init
 .text.recursive_mutex_init
                0x0000000010006a78       0x1c CMakeFiles/picampinos.dir/root/pico-sdk/src/common/pico_sync/mutex.c.obj
                0x0000000010006a78                recursive_mutex_init
 .text.critical_section_init
                0x0000000010006a94       0x20 CMakeFiles/picampinos.dir/root/pico-sdk/src/common/pico_sync/critical_section.c.obj
                0x0000000010006a94                critical_section_init
 .text.set_sys_clock_pll
                0x0000000010006ab4       0x78 CMakeFiles/picampinos.dir/root/pico-sdk/src/rp2_common/pico_stdlib/stdlib.c.obj
                0x0000000010006ab4                set_sys_clock_pll
 .text.check_sys_clock_khz
                0x0000000010006b2c      0x170 CMakeFiles/picampinos.dir/root/pico-sdk/src/rp2_common/pico_stdlib/stdlib.c.obj
                0x0000000010006b2c                check_sys_clock_khz
 .text.setup_default_uart
                0x0000000010006c9c        0x8 CMakeFiles/picampinos.dir/root/pico-sdk/src/rp2_common/pico_stdlib/stdlib.c.obj
                0x0000000010006c9c                setup_default_uart
 .text.gpio_set_function
                0x0000000010006ca4       0x30 CMakeFiles/picampinos.dir/root/pico-sdk/src/rp2_common/hardware_gpio/gpio.c.obj
                0x0000000010006ca4                gpio_set_function
 .text.gpio_set_slew_rate
                0x0000000010006cd4       0x20 CMakeFiles/picampinos.dir/root/pico-sdk/src/rp2_common/hardware_gpio/gpio.c.obj
                0x0000000010006cd4                gpio_set_slew_rate
 .text.gpio_set_drive_strength
                0x0000000010006cf4       0x20 CMakeFiles/picampinos.dir/root/pico-sdk/src/rp2_common/hardware_gpio/gpio.c.obj
                0x0000000010006cf4                gpio_set_drive_strength
 .text.gpio_init
                0x0000000010006d14       0x3c CMakeFiles/picampinos.dir/root/pico-sdk/src/rp2_common/hardware_gpio/gpio.c.obj
                0x0000000010006d14                gpio_init
 .text.irq_set_enabled
                0x0000000010006d50       0x24 CMakeFiles/picampinos.dir/root/pico-sdk/src/rp2_common/hardware_irq/irq.c.obj
                0x0000000010006d50                irq_set_enabled
 .text.irq_set_pending
                0x0000000010006d74       0x10 CMakeFiles/picampinos.dir/root/pico-sdk/src/rp2_common/hardware_irq/irq.c.obj
                0x0000000010006d74                irq_set_pending
 .text.irq_has_shared_handler
                0x0000000010006d84       0x2c CMakeFiles/picampinos.dir/root/pico-sdk/src/rp2_common/hardware_irq/irq.c.obj
                0x0000000010006d84                irq_has_shared_handler
 .text.irq_get_vtable_handler
                0x0000000010006db0       0x10 CMakeFiles/picampinos.dir/root/pico-sdk/src/rp2_common/hardware_irq/irq.c.obj
                0x0000000010006db0                irq_get_vtable_handler
 .text.irq_set_exclusive_handler
                0x0000000010006dc0       0x54 CMakeFiles/picampinos.dir/root/pico-sdk/src/rp2_common/hardware_irq/irq.c.obj
                0x0000000010006dc0                irq_set_exclusive_handler
 .text.irq_add_shared_handler
                0x0000000010006e14      0x1c8 CMakeFiles/picampinos.dir/root/pico-sdk/src/rp2_common/hardware_irq/irq.c.obj
                0x0000000010006e14                irq_add_shared_handler
 .text.irq_remove_handler
                0x0000000010006fdc      0x1b4 CMakeFiles/picampinos.dir/root/pico-sdk/src/rp2_common/hardware_irq/irq.c.obj
                0x0000000010006fdc                irq_remove_handler
 .text.irq_add_tail_to_free_list
                0x0000000010007190       0xb4 CMakeFiles/picampinos.dir/root/pico-sdk/src/rp2_common/hardware_irq/irq.c.obj
                0x0000000010007190                irq_add_tail_to_free_list
 .text.irq_init_priorities
                0x0000000010007244       0x24 CMakeFiles/picampinos.dir/root/pico-sdk/src/rp2_common/hardware_irq/irq.c.obj
                0x0000000010007244                irq_init_priorities
 .text.user_irq_claim_unused
                0x0000000010007268       0x30 CMakeFiles/picampinos.dir/root/pico-sdk/src/rp2_common/hardware_irq/irq.c.obj
                0x0000000010007268                user_irq_claim_unused
 .text.uart_init
                0x0000000010007298       0xe8 CMakeFiles/picampinos.dir/root/pico-sdk/src/rp2_common/hardware_uart/uart.c.obj
                0x0000000010007298                uart_init
 .text.runtime_init
                0x0000000010007380       0xf4 CMakeFiles/picampinos.dir/root/pico-sdk/src/rp2_common/pico_runtime/runtime.c.obj
                0x0000000010007380                runtime_init
 .text._sbrk    0x0000000010007474       0x34 CMakeFiles/picampinos.dir/root/pico-sdk/src/rp2_common/pico_runtime/runtime.c.obj
                0x0000000010007474                _sbrk
 .text.exit     0x00000000100074a8        0x4 CMakeFiles/picampinos.dir/root/pico-sdk/src/rp2_common/pico_runtime/runtime.c.obj
                0x00000000100074a8                exit
 .text.panic    0x00000000100074ac       0x30 CMakeFiles/picampinos.dir/root/pico-sdk/src/rp2_common/pico_runtime/runtime.c.obj
                0x00000000100074ac                panic
 .text.hard_assertion_failure
                0x00000000100074dc        0xc CMakeFiles/picampinos.dir/root/pico-sdk/src/rp2_common/pico_runtime/runtime.c.obj
                0x00000000100074dc                hard_assertion_failure
 .text.clock_configure
                0x00000000100074e8      0x144 CMakeFiles/picampinos.dir/root/pico-sdk/src/rp2_common/hardware_clocks/clocks.c.obj
                0x00000000100074e8                clock_configure
 .text.clocks_init
                0x000000001000762c      0x2c8 CMakeFiles/picampinos.dir/root/pico-sdk/src/rp2_common/hardware_clocks/clocks.c.obj
                0x000000001000762c                clocks_init
 .text.clock_get_hz
                0x00000000100078f4        0xc CMakeFiles/picampinos.dir/root/pico-sdk/src/rp2_common/hardware_clocks/clocks.c.obj
                0x00000000100078f4                clock_get_hz
 .text.pll_init
                0x0000000010007900       0xa8 CMakeFiles/picampinos.dir/root/pico-sdk/src/rp2_common/hardware_pll/pll.c.obj
                0x0000000010007900                pll_init
 .text.vreg_set_voltage
                0x00000000100079a8       0x1c CMakeFiles/picampinos.dir/root/pico-sdk/src/rp2_common/hardware_vreg/vreg.c.obj
                0x00000000100079a8                vreg_set_voltage
 .text.watchdog_start_tick
                0x00000000100079c4       0x10 CMakeFiles/picampinos.dir/root/pico-sdk/src/rp2_common/hardware_watchdog/watchdog.c.obj
                0x00000000100079c4                watchdog_start_tick
 .text.watchdog_reboot
                0x00000000100079d4       0x98 CMakeFiles/picampinos.dir/root/pico-sdk/src/rp2_common/hardware_watchdog/watchdog.c.obj
                0x00000000100079d4                watchdog_reboot
 .text.xosc_init
                0x0000000010007a6c       0x28 CMakeFiles/picampinos.dir/root/pico-sdk/src/rp2_common/hardware_xosc/xosc.c.obj
                0x0000000010007a6c                xosc_init
 .text._out_null
                0x0000000010007a94        0x4 CMakeFiles/picampinos.dir/root/pico-sdk/src/rp2_common/pico_printf/printf.c.obj
 .text._out_fct
                0x0000000010007a98       0x10 CMakeFiles/picampinos.dir/root/pico-sdk/src/rp2_common/pico_printf/printf.c.obj
 .text._out_char
                0x0000000010007aa8        0xc CMakeFiles/picampinos.dir/root/pico-sdk/src/rp2_common/pico_printf/printf.c.obj
 .text._ntoa_format
                0x0000000010007ab4      0x270 CMakeFiles/picampinos.dir/root/pico-sdk/src/rp2_common/pico_printf/printf.c.obj
 .text._etoa.part.0
                0x0000000010007d24      0x56c CMakeFiles/picampinos.dir/root/pico-sdk/src/rp2_common/pico_printf/printf.c.obj
 .text._ftoa    0x0000000010008290      0x6f8 CMakeFiles/picampinos.dir/root/pico-sdk/src/rp2_common/pico_printf/printf.c.obj
 .text._ftoa.part.1
                0x0000000010008988      0x54c CMakeFiles/picampinos.dir/root/pico-sdk/src/rp2_common/pico_printf/printf.c.obj
 .text._vsnprintf
                0x0000000010008ed4     0x11e0 CMakeFiles/picampinos.dir/root/pico-sdk/src/rp2_common/pico_printf/printf.c.obj
 .text.vfctprintf
                0x000000001000a0b4       0x20 CMakeFiles/picampinos.dir/root/pico-sdk/src/rp2_common/pico_printf/printf.c.obj
                0x000000001000a0b4                vfctprintf
 .text.weak_raw_vprintf
                0x000000001000a0d4       0x30 CMakeFiles/picampinos.dir/root/pico-sdk/src/rp2_common/pico_printf/printf.c.obj
                0x000000001000a0d4                weak_raw_vprintf
 .text          0x000000001000a104       0x10 CMakeFiles/picampinos.dir/root/pico-sdk/src/rp2_common/pico_bit_ops/bit_ops_aeabi.S.obj
 .text.ctzsi    0x000000001000a114        0xc CMakeFiles/picampinos.dir/root/pico-sdk/src/rp2_common/pico_bit_ops/bit_ops_aeabi.S.obj
                0x000000001000a114                __wrap___ctzsi2
 .text.rom_func_lookup
                0x000000001000a120       0x10 CMakeFiles/picampinos.dir/root/pico-sdk/src/rp2_common/pico_bootrom/bootrom.c.obj
                0x000000001000a120                rom_func_lookup
 .text.rom_data_lookup
                0x000000001000a130       0x10 CMakeFiles/picampinos.dir/root/pico-sdk/src/rp2_common/pico_bootrom/bootrom.c.obj
                0x000000001000a130                rom_data_lookup
 .text.rom_funcs_lookup
                0x000000001000a140       0x3c CMakeFiles/picampinos.dir/root/pico-sdk/src/rp2_common/pico_bootrom/bootrom.c.obj
                0x000000001000a140                rom_funcs_lookup
 .text.__wrap___aeabi_idiv
                0x000000001000a17c       0x50 CMakeFiles/picampinos.dir/root/pico-sdk/src/rp2_common/pico_divider/divider.S.obj
                0x000000001000a17c                __wrap___aeabi_idivmod
                0x000000001000a17c                divmod_s32s32
                0x000000001000a17c                div_s32s32
                0x000000001000a17c                __wrap___aeabi_idiv
                0x000000001000a184                divmod_s32s32_unsafe
                0x000000001000a1b0                divmod_s32s32_savestate
 .text.__wrap___aeabi_uidiv
                0x000000001000a1cc       0x4c CMakeFiles/picampinos.dir/root/pico-sdk/src/rp2_common/pico_divider/divider.S.obj
                0x000000001000a1cc                __wrap___aeabi_uidiv
                0x000000001000a1cc                __wrap___aeabi_uidivmod
                0x000000001000a1cc                div_u32u32
                0x000000001000a1cc                divmod_u32u32
                0x000000001000a1d4                divmod_u32u32_unsafe
                0x000000001000a1fc                divmod_u32u32_savestate
 .text.__wrap___aeabi_ldiv
                0x000000001000a218      0x434 CMakeFiles/picampinos.dir/root/pico-sdk/src/rp2_common/pico_divider/divider.S.obj
                0x000000001000a218                div_s64s64
                0x000000001000a218                divmod_s64s64
                0x000000001000a218                __wrap___aeabi_ldivmod
                0x000000001000a250                div_u64u64
                0x000000001000a250                divmod_u64u64
                0x000000001000a250                __wrap___aeabi_uldivmod
                0x000000001000a260                divmod_u64u64_savestate
                0x000000001000a288                divmod_s64s64_unsafe
                0x000000001000a310                divmod_u64u64_unsafe
 .text.__wrap___aeabi_darithmetic
                0x000000001000a64c       0x80 CMakeFiles/picampinos.dir/root/pico-sdk/src/rp2_common/pico_double/double_aeabi.S.obj
                0x000000001000a64c                __wrap___aeabi_drsub
                0x000000001000a652                __wrap___aeabi_dsub
                0x000000001000a664                __wrap___aeabi_dadd
                0x000000001000a676                __wrap___aeabi_ddiv
                0x000000001000a6b2                __wrap___aeabi_dmul
 .text.__wrap___aeabi_cdcmple
                0x000000001000a6cc       0x6c CMakeFiles/picampinos.dir/root/pico-sdk/src/rp2_common/pico_double/double_aeabi.S.obj
                0x000000001000a6cc                __wrap___aeabi_cdrcmple
                0x000000001000a6dc                __wrap___aeabi_cdcmple
                0x000000001000a6dc                __wrap___aeabi_cdcmpeq
 .text.__wrap___aeabi_dcmplt
                0x000000001000a738        0xc CMakeFiles/picampinos.dir/root/pico-sdk/src/rp2_common/pico_double/double_aeabi.S.obj
                0x000000001000a738                __wrap___aeabi_dcmplt
 .text.__wrap___aeabi_dcmpge
                0x000000001000a744       0x10 CMakeFiles/picampinos.dir/root/pico-sdk/src/rp2_common/pico_double/double_aeabi.S.obj
                0x000000001000a744                __wrap___aeabi_dcmpge
 .text.__wrap___aeabi_dcmpgt
                0x000000001000a754        0xa CMakeFiles/picampinos.dir/root/pico-sdk/src/rp2_common/pico_double/double_aeabi.S.obj
                0x000000001000a754                __wrap___aeabi_dcmpgt
 .text.__wrap___aeabi_dcmpun
                0x000000001000a75e       0x1c CMakeFiles/picampinos.dir/root/pico-sdk/src/rp2_common/pico_double/double_aeabi.S.obj
                0x000000001000a75e                __wrap___aeabi_dcmpun
 *fill*         0x000000001000a77a        0x2 
 .text.__wrap___aeabi_i2d
                0x000000001000a77c       0x38 CMakeFiles/picampinos.dir/root/pico-sdk/src/rp2_common/pico_double/double_aeabi.S.obj
                0x000000001000a77c                __wrap___aeabi_ui2d
                0x000000001000a784                __wrap___aeabi_i2d
 .text.__wrap___aeabi_d2iz
                0x000000001000a7b4       0x48 CMakeFiles/picampinos.dir/root/pico-sdk/src/rp2_common/pico_double/double_aeabi.S.obj
                0x000000001000a7b4                __wrap___aeabi_d2iz
                0x000000001000a7b4                double2int_z
 .text.__wrap___aeabi_d2uiz
                0x000000001000a7fc       0x18 CMakeFiles/picampinos.dir/root/pico-sdk/src/rp2_common/pico_double/double_aeabi.S.obj
                0x000000001000a7fc                double2uint
                0x000000001000a7fc                __wrap___aeabi_d2uiz
 .text.__aeabi_double_init
                0x000000001000a814       0x60 CMakeFiles/picampinos.dir/root/pico-sdk/src/rp2_common/pico_double/double_init_rom.c.obj
                0x000000001000a814                __aeabi_double_init
 .text.double_table_shim_on_use_helper
                0x000000001000a874       0x2c CMakeFiles/picampinos.dir/root/pico-sdk/src/rp2_common/pico_double/double_v1_rom_shim.S.obj
                0x000000001000a874                double_table_shim_on_use_helper
 .text.__wrap___aeabi_dsub
                0x000000001000a8a0       0x10 CMakeFiles/picampinos.dir/root/pico-sdk/src/rp2_common/pico_double/double_v1_rom_shim.S.obj
                0x000000001000a8a0                drsub_shim
                0x000000001000a8a6                dsub_shim
 .text.dadd_shim
                0x000000001000a8b0      0x15c CMakeFiles/picampinos.dir/root/pico-sdk/src/rp2_common/pico_double/double_v1_rom_shim.S.obj
                0x000000001000a8b0                dadd_shim
 .text.dmul_shim
                0x000000001000aa0c      0x15c CMakeFiles/picampinos.dir/root/pico-sdk/src/rp2_common/pico_double/double_v1_rom_shim.S.obj
                0x000000001000aa0c                dmul_shim
 .text.ddiv_shim
                0x000000001000ab68      0x1b0 CMakeFiles/picampinos.dir/root/pico-sdk/src/rp2_common/pico_double/double_v1_rom_shim.S.obj
                0x000000001000ab68                ddiv_shim
 .text.double2uint_shim
                0x000000001000ad18        0xe CMakeFiles/picampinos.dir/root/pico-sdk/src/rp2_common/pico_double/double_v1_rom_shim.S.obj
                0x000000001000ad18                double2uint_shim
                0x000000001000ad1a                double2ufix_shim
 *fill*         0x000000001000ad26        0x2 
 .text.double2uint64_shim
                0x000000001000ad28       0x70 CMakeFiles/picampinos.dir/root/pico-sdk/src/rp2_common/pico_double/double_v1_rom_shim.S.obj
                0x000000001000ad28                double2uint64_shim
                0x000000001000ad2a                double2ufix64_shim
                0x000000001000ad4a                d2fix_a
 .text.dunpacks
                0x000000001000ad98       0x3c CMakeFiles/picampinos.dir/root/pico-sdk/src/rp2_common/pico_double/double_v1_rom_shim.S.obj
                0x000000001000ad98                dunpacks
 .text.__aeabi_lmul
                0x000000001000add4       0x32 CMakeFiles/picampinos.dir/root/pico-sdk/src/rp2_common/pico_int64_ops/pico_int64_ops_aeabi.S.obj
                0x000000001000add4                __wrap___aeabi_lmul
 *fill*         0x000000001000ae06        0x2 
 .text.__aeabi_float_init
                0x000000001000ae08       0x68 CMakeFiles/picampinos.dir/root/pico-sdk/src/rp2_common/pico_float/float_init_rom.c.obj
                0x000000001000ae08                __aeabi_float_init
 .text.float_table_shim_on_use_helper
                0x000000001000ae70       0x2c CMakeFiles/picampinos.dir/root/pico-sdk/src/rp2_common/pico_float/float_v1_rom_shim.S.obj
                0x000000001000ae70                float_table_shim_on_use_helper
 .text          0x000000001000ae9c       0x10 CMakeFiles/picampinos.dir/root/pico-sdk/src/rp2_common/pico_mem_ops/mem_ops_aeabi.S.obj
                0x000000001000ae9c                __aeabi_mem_init
 .text.memset   0x000000001000aeac        0xc CMakeFiles/picampinos.dir/root/pico-sdk/src/rp2_common/pico_mem_ops/mem_ops_aeabi.S.obj
                0x000000001000aeac                __wrap_memset
 .text.memcpy   0x000000001000aeb8        0xc CMakeFiles/picampinos.dir/root/pico-sdk/src/rp2_common/pico_mem_ops/mem_ops_aeabi.S.obj
                0x000000001000aeb8                __wrap___aeabi_memcpy
                0x000000001000aeb8                __wrap_memcpy
 .text.stdio_out_chars_crlf
                0x000000001000aec4       0x9c CMakeFiles/picampinos.dir/root/pico-sdk/src/rp2_common/pico_stdio/stdio.c.obj
 .text.stdio_stack_buffer_flush.part.1
                0x000000001000af60       0xdc CMakeFiles/picampinos.dir/root/pico-sdk/src/rp2_common/pico_stdio/stdio.c.obj
 .text.stdio_buffered_printer
                0x000000001000b03c       0x20 CMakeFiles/picampinos.dir/root/pico-sdk/src/rp2_common/pico_stdio/stdio.c.obj
 .text.__wrap_putchar
                0x000000001000b05c       0xa0 CMakeFiles/picampinos.dir/root/pico-sdk/src/rp2_common/pico_stdio/stdio.c.obj
                0x000000001000b05c                __wrap_putchar
 .text.__wrap_puts
                0x000000001000b0fc       0xe8 CMakeFiles/picampinos.dir/root/pico-sdk/src/rp2_common/pico_stdio/stdio.c.obj
                0x000000001000b0fc                __wrap_puts
 .text.stdio_set_driver_enabled
                0x000000001000b1e4       0x30 CMakeFiles/picampinos.dir/root/pico-sdk/src/rp2_common/pico_stdio/stdio.c.obj
                0x000000001000b1e4                stdio_set_driver_enabled
 .text.__wrap_vprintf
                0x000000001000b214       0x94 CMakeFiles/picampinos.dir/root/pico-sdk/src/rp2_common/pico_stdio/stdio.c.obj
                0x000000001000b214                __wrap_vprintf
 .text.__wrap_printf
                0x000000001000b2a8       0x18 CMakeFiles/picampinos.dir/root/pico-sdk/src/rp2_common/pico_stdio/stdio.c.obj
                0x000000001000b2a8                __wrap_printf
 .text.stdio_init_all
                0x000000001000b2c0        0xc CMakeFiles/picampinos.dir/root/pico-sdk/src/rp2_common/pico_stdio/stdio.c.obj
                0x000000001000b2c0                stdio_init_all
 .text.stdio_uart_out_chars
                0x000000001000b2cc       0x4c CMakeFiles/picampinos.dir/root/pico-sdk/src/rp2_common/pico_stdio_uart/stdio_uart.c.obj
 .text.stdio_uart_in_chars
                0x000000001000b318       0x3c CMakeFiles/picampinos.dir/root/pico-sdk/src/rp2_common/pico_stdio_uart/stdio_uart.c.obj
                0x000000001000b318                stdio_uart_in_chars
 .text.stdio_uart_init
                0x000000001000b354       0x48 CMakeFiles/picampinos.dir/root/pico-sdk/src/rp2_common/pico_stdio_uart/stdio_uart.c.obj
                0x000000001000b354                stdio_uart_init
 .text.resetd_init
                0x000000001000b39c        0x4 CMakeFiles/picampinos.dir/root/pico-sdk/src/rp2_common/pico_stdio_usb/reset_interface.c.obj
 .text.resetd_reset
                0x000000001000b3a0        0xc CMakeFiles/picampinos.dir/root/pico-sdk/src/rp2_common/pico_stdio_usb/reset_interface.c.obj
 .text.resetd_xfer_cb
                0x000000001000b3ac        0x4 CMakeFiles/picampinos.dir/root/pico-sdk/src/rp2_common/pico_stdio_usb/reset_interface.c.obj
 .text.resetd_open
                0x000000001000b3b0       0x28 CMakeFiles/picampinos.dir/root/pico-sdk/src/rp2_common/pico_stdio_usb/reset_interface.c.obj
 .text.resetd_control_xfer_cb
                0x000000001000b3d8       0x64 CMakeFiles/picampinos.dir/root/pico-sdk/src/rp2_common/pico_stdio_usb/reset_interface.c.obj
 .text.usbd_app_driver_get_cb
                0x000000001000b43c        0xc CMakeFiles/picampinos.dir/root/pico-sdk/src/rp2_common/pico_stdio_usb/reset_interface.c.obj
                0x000000001000b43c                usbd_app_driver_get_cb
 .text.tud_cdc_line_coding_cb
                0x000000001000b448       0x34 CMakeFiles/picampinos.dir/root/pico-sdk/src/rp2_common/pico_stdio_usb/reset_interface.c.obj
                0x000000001000b448                tud_cdc_line_coding_cb
 .text.stdio_usb_in_chars
                0x000000001000b47c       0x68 CMakeFiles/picampinos.dir/root/pico-sdk/src/rp2_common/pico_stdio_usb/stdio_usb.c.obj
                0x000000001000b47c                stdio_usb_in_chars
 .text.timer_task
                0x000000001000b4e4       0x18 CMakeFiles/picampinos.dir/root/pico-sdk/src/rp2_common/pico_stdio_usb/stdio_usb.c.obj
 .text.usb_irq  0x000000001000b4fc       0x10 CMakeFiles/picampinos.dir/root/pico-sdk/src/rp2_common/pico_stdio_usb/stdio_usb.c.obj
 .text.low_priority_worker_irq
                0x000000001000b50c       0x20 CMakeFiles/picampinos.dir/root/pico-sdk/src/rp2_common/pico_stdio_usb/stdio_usb.c.obj
 .text.stdio_usb_out_chars
                0x000000001000b52c       0xf0 CMakeFiles/picampinos.dir/root/pico-sdk/src/rp2_common/pico_stdio_usb/stdio_usb.c.obj
 .text.stdio_usb_init
                0x000000001000b61c       0xb0 CMakeFiles/picampinos.dir/root/pico-sdk/src/rp2_common/pico_stdio_usb/stdio_usb.c.obj
                0x000000001000b61c                stdio_usb_init
 .text.tud_descriptor_device_cb
                0x000000001000b6cc        0x8 CMakeFiles/picampinos.dir/root/pico-sdk/src/rp2_common/pico_stdio_usb/stdio_usb_descriptors.c.obj
                0x000000001000b6cc                tud_descriptor_device_cb
 .text.tud_descriptor_configuration_cb
                0x000000001000b6d4        0x8 CMakeFiles/picampinos.dir/root/pico-sdk/src/rp2_common/pico_stdio_usb/stdio_usb_descriptors.c.obj
                0x000000001000b6d4                tud_descriptor_configuration_cb
 .text.tud_descriptor_string_cb
                0x000000001000b6dc       0x70 CMakeFiles/picampinos.dir/root/pico-sdk/src/rp2_common/pico_stdio_usb/stdio_usb_descriptors.c.obj
                0x000000001000b6dc                tud_descriptor_string_cb
 .text.dcd_rp2040_irq
                0x000000001000b74c      0x21c CMakeFiles/picampinos.dir/root/pico-sdk/lib/tinyusb/src/portable/raspberrypi/rp2040/dcd_rp2040.c.obj
 .text.dcd_int_enable
                0x000000001000b968        0xc CMakeFiles/picampinos.dir/root/pico-sdk/lib/tinyusb/src/portable/raspberrypi/rp2040/dcd_rp2040.c.obj
                0x000000001000b968                dcd_int_enable
 .text.dcd_set_address
                0x000000001000b974       0x14 CMakeFiles/picampinos.dir/root/pico-sdk/lib/tinyusb/src/portable/raspberrypi/rp2040/dcd_rp2040.c.obj
                0x000000001000b974                dcd_set_address
 .text.dcd_connect
                0x000000001000b988       0x10 CMakeFiles/picampinos.dir/root/pico-sdk/lib/tinyusb/src/portable/raspberrypi/rp2040/dcd_rp2040.c.obj
                0x000000001000b988                dcd_connect
 .text.dcd_init
                0x000000001000b998      0x144 CMakeFiles/picampinos.dir/root/pico-sdk/lib/tinyusb/src/portable/raspberrypi/rp2040/dcd_rp2040.c.obj
                0x000000001000b998                dcd_init
 .text.dcd_edpt0_status_complete
                0x000000001000badc       0x1c CMakeFiles/picampinos.dir/root/pico-sdk/lib/tinyusb/src/portable/raspberrypi/rp2040/dcd_rp2040.c.obj
                0x000000001000badc                dcd_edpt0_status_complete
 .text.dcd_edpt_open
                0x000000001000baf8       0xf0 CMakeFiles/picampinos.dir/root/pico-sdk/lib/tinyusb/src/portable/raspberrypi/rp2040/dcd_rp2040.c.obj
                0x000000001000baf8                dcd_edpt_open
 .text.dcd_edpt_close_all
                0x000000001000bbe8       0xbc CMakeFiles/picampinos.dir/root/pico-sdk/lib/tinyusb/src/portable/raspberrypi/rp2040/dcd_rp2040.c.obj
                0x000000001000bbe8                dcd_edpt_close_all
 .text.dcd_edpt_xfer
                0x000000001000bca4       0x24 CMakeFiles/picampinos.dir/root/pico-sdk/lib/tinyusb/src/portable/raspberrypi/rp2040/dcd_rp2040.c.obj
                0x000000001000bca4                dcd_edpt_xfer
 .text.dcd_edpt_stall
                0x000000001000bcc8       0x34 CMakeFiles/picampinos.dir/root/pico-sdk/lib/tinyusb/src/portable/raspberrypi/rp2040/dcd_rp2040.c.obj
                0x000000001000bcc8                dcd_edpt_stall
 .text.dcd_edpt_clear_stall
                0x000000001000bcfc       0x2c CMakeFiles/picampinos.dir/root/pico-sdk/lib/tinyusb/src/portable/raspberrypi/rp2040/dcd_rp2040.c.obj
                0x000000001000bcfc                dcd_edpt_clear_stall
 .text.rp2040_usb_init
                0x000000001000bd28       0x4c CMakeFiles/picampinos.dir/root/pico-sdk/lib/tinyusb/src/portable/raspberrypi/rp2040/rp2040_usb.c.obj
                0x000000001000bd28                rp2040_usb_init
 .text.hw_endpoint_reset_transfer
                0x000000001000bd74        0xc CMakeFiles/picampinos.dir/root/pico-sdk/lib/tinyusb/src/portable/raspberrypi/rp2040/rp2040_usb.c.obj
                0x000000001000bd74                hw_endpoint_reset_transfer
 .text._hw_endpoint_buffer_control_update32
                0x000000001000bd80       0x58 CMakeFiles/picampinos.dir/root/pico-sdk/lib/tinyusb/src/portable/raspberrypi/rp2040/rp2040_usb.c.obj
                0x000000001000bd80                _hw_endpoint_buffer_control_update32
 .text.hw_endpoint_xfer_start
                0x000000001000bdd8      0x14c CMakeFiles/picampinos.dir/root/pico-sdk/lib/tinyusb/src/portable/raspberrypi/rp2040/rp2040_usb.c.obj
                0x000000001000bdd8                hw_endpoint_xfer_start
 .text.hw_endpoint_xfer_continue
                0x000000001000bf24      0x200 CMakeFiles/picampinos.dir/root/pico-sdk/lib/tinyusb/src/portable/raspberrypi/rp2040/rp2040_usb.c.obj
                0x000000001000bf24                hw_endpoint_xfer_continue
 .text.tud_mounted
                0x000000001000c124       0x10 CMakeFiles/picampinos.dir/root/pico-sdk/lib/tinyusb/src/device/usbd.c.obj
                0x000000001000c124                tud_mounted
 .text.tud_suspended
                0x000000001000c134       0x10 CMakeFiles/picampinos.dir/root/pico-sdk/lib/tinyusb/src/device/usbd.c.obj
                0x000000001000c134                tud_suspended
 .text.tud_inited
                0x000000001000c144        0xc CMakeFiles/picampinos.dir/root/pico-sdk/lib/tinyusb/src/device/usbd.c.obj
                0x000000001000c144                tud_inited
 .text.tud_init
                0x000000001000c150       0xdc CMakeFiles/picampinos.dir/root/pico-sdk/lib/tinyusb/src/device/usbd.c.obj
                0x000000001000c150                tud_init
 .text.tud_task
                0x000000001000c22c      0x938 CMakeFiles/picampinos.dir/root/pico-sdk/lib/tinyusb/src/device/usbd.c.obj
                0x000000001000c22c                tud_task
 .text.dcd_event_bus_signal
                0x000000001000cb64      0x124 CMakeFiles/picampinos.dir/root/pico-sdk/lib/tinyusb/src/device/usbd.c.obj
                0x000000001000cb64                dcd_event_bus_signal
 .text.dcd_event_bus_reset
                0x000000001000cc88       0x58 CMakeFiles/picampinos.dir/root/pico-sdk/lib/tinyusb/src/device/usbd.c.obj
                0x000000001000cc88                dcd_event_bus_reset
 .text.dcd_event_setup_received
                0x000000001000cce0       0x50 CMakeFiles/picampinos.dir/root/pico-sdk/lib/tinyusb/src/device/usbd.c.obj
                0x000000001000cce0                dcd_event_setup_received
 .text.dcd_event_xfer_complete
                0x000000001000cd30       0x68 CMakeFiles/picampinos.dir/root/pico-sdk/lib/tinyusb/src/device/usbd.c.obj
                0x000000001000cd30                dcd_event_xfer_complete
 .text.usbd_open_edpt_pair
                0x000000001000cd98       0xa4 CMakeFiles/picampinos.dir/root/pico-sdk/lib/tinyusb/src/device/usbd.c.obj
                0x000000001000cd98                usbd_open_edpt_pair
 .text.usbd_edpt_open
                0x000000001000ce3c       0x30 CMakeFiles/picampinos.dir/root/pico-sdk/lib/tinyusb/src/device/usbd.c.obj
                0x000000001000ce3c                usbd_edpt_open
 .text.usbd_edpt_claim
                0x000000001000ce6c       0x5c CMakeFiles/picampinos.dir/root/pico-sdk/lib/tinyusb/src/device/usbd.c.obj
                0x000000001000ce6c                usbd_edpt_claim
 .text.usbd_edpt_release
                0x000000001000cec8       0x4c CMakeFiles/picampinos.dir/root/pico-sdk/lib/tinyusb/src/device/usbd.c.obj
                0x000000001000cec8                usbd_edpt_release
 .text.usbd_edpt_xfer
                0x000000001000cf14       0x48 CMakeFiles/picampinos.dir/root/pico-sdk/lib/tinyusb/src/device/usbd.c.obj
                0x000000001000cf14                usbd_edpt_xfer
 .text.tud_control_status
                0x000000001000cf5c       0x30 CMakeFiles/picampinos.dir/root/pico-sdk/lib/tinyusb/src/device/usbd_control.c.obj
                0x000000001000cf5c                tud_control_status
 .text.tud_control_xfer
                0x000000001000cf8c       0xb4 CMakeFiles/picampinos.dir/root/pico-sdk/lib/tinyusb/src/device/usbd_control.c.obj
                0x000000001000cf8c                tud_control_xfer
 .text.usbd_control_reset
                0x000000001000d040       0x14 CMakeFiles/picampinos.dir/root/pico-sdk/lib/tinyusb/src/device/usbd_control.c.obj
                0x000000001000d040                usbd_control_reset
 .text.usbd_control_set_complete_callback
                0x000000001000d054        0xc CMakeFiles/picampinos.dir/root/pico-sdk/lib/tinyusb/src/device/usbd_control.c.obj
                0x000000001000d054                usbd_control_set_complete_callback
 .text.usbd_control_set_request
                0x000000001000d060       0x1c CMakeFiles/picampinos.dir/root/pico-sdk/lib/tinyusb/src/device/usbd_control.c.obj
                0x000000001000d060                usbd_control_set_request
 .text.usbd_control_xfer_cb
                0x000000001000d07c       0xfc CMakeFiles/picampinos.dir/root/pico-sdk/lib/tinyusb/src/device/usbd_control.c.obj
                0x000000001000d07c                usbd_control_xfer_cb
 .text.tud_cdc_n_connected
                0x000000001000d178       0x30 CMakeFiles/picampinos.dir/root/pico-sdk/lib/tinyusb/src/class/cdc/cdc_device.c.obj
                0x000000001000d178                tud_cdc_n_connected
 .text.tud_cdc_n_available
                0x000000001000d1a8       0x1c CMakeFiles/picampinos.dir/root/pico-sdk/lib/tinyusb/src/class/cdc/cdc_device.c.obj
                0x000000001000d1a8                tud_cdc_n_available
 .text.tud_cdc_n_read
                0x000000001000d1c4       0x70 CMakeFiles/picampinos.dir/root/pico-sdk/lib/tinyusb/src/class/cdc/cdc_device.c.obj
                0x000000001000d1c4                tud_cdc_n_read
 .text.tud_cdc_n_write
                0x000000001000d234       0x90 CMakeFiles/picampinos.dir/root/pico-sdk/lib/tinyusb/src/class/cdc/cdc_device.c.obj
                0x000000001000d234                tud_cdc_n_write
 .text.tud_cdc_n_write_flush
                0x000000001000d2c4       0x78 CMakeFiles/picampinos.dir/root/pico-sdk/lib/tinyusb/src/class/cdc/cdc_device.c.obj
                0x000000001000d2c4                tud_cdc_n_write_flush
 .text.tud_cdc_n_write_available
                0x000000001000d33c       0x1c CMakeFiles/picampinos.dir/root/pico-sdk/lib/tinyusb/src/class/cdc/cdc_device.c.obj
                0x000000001000d33c                tud_cdc_n_write_available
 .text.cdcd_init
                0x000000001000d358       0x7c CMakeFiles/picampinos.dir/root/pico-sdk/lib/tinyusb/src/class/cdc/cdc_device.c.obj
                0x000000001000d358                cdcd_init
 .text.cdcd_reset
                0x000000001000d3d4       0x2c CMakeFiles/picampinos.dir/root/pico-sdk/lib/tinyusb/src/class/cdc/cdc_device.c.obj
                0x000000001000d3d4                cdcd_reset
 .text.cdcd_open
                0x000000001000d400       0xe4 CMakeFiles/picampinos.dir/root/pico-sdk/lib/tinyusb/src/class/cdc/cdc_device.c.obj
                0x000000001000d400                cdcd_open
 .text.cdcd_control_xfer_cb
                0x000000001000d4e4       0xe4 CMakeFiles/picampinos.dir/root/pico-sdk/lib/tinyusb/src/class/cdc/cdc_device.c.obj
                0x000000001000d4e4                cdcd_control_xfer_cb
 .text.cdcd_xfer_cb
                0x000000001000d5c8      0x198 CMakeFiles/picampinos.dir/root/pico-sdk/lib/tinyusb/src/class/cdc/cdc_device.c.obj
                0x000000001000d5c8                cdcd_xfer_cb
 .text.tusb_init
                0x000000001000d760        0xc CMakeFiles/picampinos.dir/root/pico-sdk/lib/tinyusb/src/tusb.c.obj
                0x000000001000d760                tusb_init
 .text.tusb_inited
                0x000000001000d76c        0x8 CMakeFiles/picampinos.dir/root/pico-sdk/lib/tinyusb/src/tusb.c.obj
                0x000000001000d76c                tusb_inited
 .text.tu_edpt_validate
                0x000000001000d774       0x78 CMakeFiles/picampinos.dir/root/pico-sdk/lib/tinyusb/src/tusb.c.obj
                0x000000001000d774                tu_edpt_validate
 .text.tu_edpt_bind_driver
                0x000000001000d7ec       0x2c CMakeFiles/picampinos.dir/root/pico-sdk/lib/tinyusb/src/tusb.c.obj
                0x000000001000d7ec                tu_edpt_bind_driver
 .text.tu_fifo_config
                0x000000001000d818       0x78 CMakeFiles/picampinos.dir/root/pico-sdk/lib/tinyusb/src/common/tusb_fifo.c.obj
                0x000000001000d818                tu_fifo_config
 .text.tu_fifo_count
                0x000000001000d890       0x24 CMakeFiles/picampinos.dir/root/pico-sdk/lib/tinyusb/src/common/tusb_fifo.c.obj
                0x000000001000d890                tu_fifo_count
 .text.tu_fifo_empty
                0x000000001000d8b4       0x10 CMakeFiles/picampinos.dir/root/pico-sdk/lib/tinyusb/src/common/tusb_fifo.c.obj
                0x000000001000d8b4                tu_fifo_empty
 .text.tu_fifo_remaining
                0x000000001000d8c4       0x20 CMakeFiles/picampinos.dir/root/pico-sdk/lib/tinyusb/src/common/tusb_fifo.c.obj
                0x000000001000d8c4                tu_fifo_remaining
 .text.tu_fifo_read
                0x000000001000d8e4       0x9c CMakeFiles/picampinos.dir/root/pico-sdk/lib/tinyusb/src/common/tusb_fifo.c.obj
                0x000000001000d8e4                tu_fifo_read
 .text.tu_fifo_read_n
                0x000000001000d980       0xf0 CMakeFiles/picampinos.dir/root/pico-sdk/lib/tinyusb/src/common/tusb_fifo.c.obj
                0x000000001000d980                tu_fifo_read_n
 .text.tu_fifo_write
                0x000000001000da70       0x80 CMakeFiles/picampinos.dir/root/pico-sdk/lib/tinyusb/src/common/tusb_fifo.c.obj
                0x000000001000da70                tu_fifo_write
 .text.tu_fifo_write_n
                0x000000001000daf0       0xe8 CMakeFiles/picampinos.dir/root/pico-sdk/lib/tinyusb/src/common/tusb_fifo.c.obj
                0x000000001000daf0                tu_fifo_write_n
 .text.tu_fifo_clear
                0x000000001000dbd8       0x4c CMakeFiles/picampinos.dir/root/pico-sdk/lib/tinyusb/src/common/tusb_fifo.c.obj
                0x000000001000dbd8                tu_fifo_clear
 .text.tu_fifo_set_overwritable
                0x000000001000dc24       0x3c CMakeFiles/picampinos.dir/root/pico-sdk/lib/tinyusb/src/common/tusb_fifo.c.obj
                0x000000001000dc24                tu_fifo_set_overwritable
 .text.startup._retrieve_unique_id_on_boot
                0x000000001000dc60       0x10 CMakeFiles/picampinos.dir/root/pico-sdk/src/rp2_common/pico_unique_id/unique_id.c.obj
 .text.pico_get_unique_board_id_string
                0x000000001000dc70      0x1cc CMakeFiles/picampinos.dir/root/pico-sdk/src/rp2_common/pico_unique_id/unique_id.c.obj
                0x000000001000dc70                pico_get_unique_board_id_string
 .text.flash_get_unique_id
                0x000000001000de3c       0x3c CMakeFiles/picampinos.dir/root/pico-sdk/src/rp2_common/hardware_flash/flash.c.obj
                0x000000001000de3c                flash_get_unique_id
 .text.pio_claim_unused_sm
                0x000000001000de78       0x3c CMakeFiles/picampinos.dir/root/pico-sdk/src/rp2_common/hardware_pio/pio.c.obj
                0x000000001000de78                pio_claim_unused_sm
 .text.pio_add_program
                0x000000001000deb4       0xec CMakeFiles/picampinos.dir/root/pico-sdk/src/rp2_common/hardware_pio/pio.c.obj
                0x000000001000deb4                pio_add_program
 .text.pio_sm_set_pins_with_mask
                0x000000001000dfa0       0x84 CMakeFiles/picampinos.dir/root/pico-sdk/src/rp2_common/hardware_pio/pio.c.obj
                0x000000001000dfa0                pio_sm_set_pins_with_mask
 .text.pio_sm_set_pindirs_with_mask
                0x000000001000e024       0x88 CMakeFiles/picampinos.dir/root/pico-sdk/src/rp2_common/hardware_pio/pio.c.obj
                0x000000001000e024                pio_sm_set_pindirs_with_mask
 .text.pio_sm_set_consecutive_pindirs
                0x000000001000e0ac       0x88 CMakeFiles/picampinos.dir/root/pico-sdk/src/rp2_common/hardware_pio/pio.c.obj
                0x000000001000e0ac                pio_sm_set_consecutive_pindirs
 .text.pio_sm_init
                0x000000001000e134       0x90 CMakeFiles/picampinos.dir/root/pico-sdk/src/rp2_common/hardware_pio/pio.c.obj
                0x000000001000e134                pio_sm_init
 .text.i2c_init
                0x000000001000e1c4      0x108 CMakeFiles/picampinos.dir/root/pico-sdk/src/rp2_common/hardware_i2c/i2c.c.obj
                0x000000001000e1c4                i2c_init
 .text.i2c_write_blocking
                0x000000001000e2cc       0xdc CMakeFiles/picampinos.dir/root/pico-sdk/src/rp2_common/hardware_i2c/i2c.c.obj
                0x000000001000e2cc                i2c_write_blocking
 .text.i2c_read_blocking
                0x000000001000e3a8       0x98 CMakeFiles/picampinos.dir/root/pico-sdk/src/rp2_common/hardware_i2c/i2c.c.obj
                0x000000001000e3a8                i2c_read_blocking
 .text.dma_claim_unused_channel
                0x000000001000e440       0x20 CMakeFiles/picampinos.dir/root/pico-sdk/src/rp2_common/hardware_dma/dma.c.obj
                0x000000001000e440                dma_claim_unused_channel
 .text          0x000000001000e460       0x18 /usr/lib/gcc/arm-none-eabi/7.3.1/../../../arm-none-eabi/lib/thumb/v6-m/libc.a(lib_a-calloc.o)
                0x000000001000e460                calloc
 .text          0x000000001000e478       0x58 /usr/lib/gcc/arm-none-eabi/7.3.1/../../../arm-none-eabi/lib/thumb/v6-m/libc.a(lib_a-callocr.o)
                0x000000001000e478                _calloc_r
 .text          0x000000001000e4d0      0x570 /usr/lib/gcc/arm-none-eabi/7.3.1/../../../arm-none-eabi/lib/thumb/v6-m/libc.a(lib_a-mallocr.o)
                0x000000001000e4d0                _malloc_r
 .text          0x000000001000ea40        0x8 /usr/lib/gcc/arm-none-eabi/7.3.1/../../../arm-none-eabi/lib/thumb/v6-m/libc.a(lib_a-mlock.o)
                0x000000001000ea40                __malloc_lock
                0x000000001000ea44                __malloc_unlock
 .text          0x000000001000ea48       0x24 /usr/lib/gcc/arm-none-eabi/7.3.1/../../../arm-none-eabi/lib/thumb/v6-m/libc.a(lib_a-sbrkr.o)
                0x000000001000ea48                _sbrk_r
 .text          0x000000001000ea6c       0x64 /usr/lib/gcc/arm-none-eabi/7.3.1/../../../arm-none-eabi/lib/thumb/v6-m/libc.a(lib_a-strlen-stub.o)
                0x000000001000ea6c                strlen
 .text          0x000000001000ead0      0x274 /usr/lib/gcc/arm-none-eabi/7.3.1/../../../arm-none-eabi/lib/thumb/v6-m/libc.a(lib_a-freer.o)
                0x000000001000ead0                _malloc_trim_r
                0x000000001000eb70                _free_r
 *(.fini)
 .fini          0x000000001000ed44        0x4 /usr/lib/gcc/arm-none-eabi/7.3.1/thumb/v6-m/crti.o
                0x000000001000ed44                _fini
 .fini.__stub   0x000000001000ed48       0x80 linker stubs
 *crtbegin.o(.ctors)
 *crtbegin?.o(.ctors)
 *(EXCLUDE_FILE(*crtend.o *crtend?.o) .ctors)
 *(SORT_BY_NAME(.ctors.*))
 *(.ctors)
 *crtbegin.o(.dtors)
 *crtbegin?.o(.dtors)
 *(EXCLUDE_FILE(*crtend.o *crtend?.o) .dtors)
 *(SORT_BY_NAME(.dtors.*))
 *(.dtors)
 *(.eh_frame*)
 .eh_frame      0x000000001000edc8        0x0 /usr/lib/gcc/arm-none-eabi/7.3.1/thumb/v6-m/crtbegin.o
                0x000000001000edc8                . = ALIGN (0x4)

.glue_7         0x000000001000edc8        0x0
 .glue_7        0x000000001000edc8        0x0 linker stubs

.glue_7t        0x000000001000edc8        0x0
 .glue_7t       0x000000001000edc8        0x0 linker stubs

.vfp11_veneer   0x000000001000edc8        0x0
 .vfp11_veneer  0x000000001000edc8        0x0 linker stubs

.v4_bx          0x000000001000edc8        0x0
 .v4_bx         0x000000001000edc8        0x0 linker stubs

.iplt           0x000000001000edc8        0x0
 .iplt          0x000000001000edc8        0x0 /usr/lib/gcc/arm-none-eabi/7.3.1/thumb/v6-m/crtbegin.o

.rodata         0x000000001000edc8      0x728
 *(EXCLUDE_FILE(*libm.a: *libc.a:*lib_a-mem*.o *libgcc.a:) .rodata*)
 .rodata.main.str1.4
                0x000000001000edc8       0x88 CMakeFiles/picampinos.dir/main.c.obj
                                         0x8a (size before relaxing)
 .rodata.setup.str1.4
                0x000000001000ee50       0x32 CMakeFiles/picampinos.dir/main.c.obj
 *fill*         0x000000001000ee82        0x2 
 .rodata        0x000000001000ee84       0x10 CMakeFiles/picampinos.dir/cam.c.obj
 .rodata.picampinos_program
                0x000000001000ee94        0x6 CMakeFiles/picampinos.dir/cam.c.obj
 *fill*         0x000000001000ee9a        0x2 
 .rodata.picampinos_program_instructions
                0x000000001000ee9c       0x2e CMakeFiles/picampinos.dir/cam.c.obj
 *fill*         0x000000001000eeca        0x2 
 .rodata.iot_sram_init.str1.4
                0x000000001000eecc        0xc CMakeFiles/picampinos.dir/iot_sram.c.obj
 .rodata.iot_sram_program
                0x000000001000eed8        0x6 CMakeFiles/picampinos.dir/iot_sram.c.obj
 *fill*         0x000000001000eede        0x2 
 .rodata.iot_sram_program_instructions
                0x000000001000eee0       0x20 CMakeFiles/picampinos.dir/iot_sram.c.obj
 .rodata.ser_100base_fx_program
                0x000000001000ef00        0x6 CMakeFiles/picampinos.dir/sfp_hw.c.obj
 *fill*         0x000000001000ef06        0x2 
 .rodata.ser_100base_fx_program_instructions
                0x000000001000ef08       0x1a CMakeFiles/picampinos.dir/sfp_hw.c.obj
 *fill*         0x000000001000ef22        0x2 
 .rodata.sfp_hw_init.str1.4
                0x000000001000ef24        0xc CMakeFiles/picampinos.dir/sfp_hw.c.obj
 .rodata.__wrap_malloc.str1.4
                0x000000001000ef30        0xe CMakeFiles/picampinos.dir/root/pico-sdk/src/rp2_common/pico_malloc/pico_malloc.c.obj
 *fill*         0x000000001000ef3e        0x2 
 .rodata.spin_lock_claim_unused.str1.4
                0x000000001000ef40       0x1b CMakeFiles/picampinos.dir/root/pico-sdk/src/rp2_common/hardware_sync/sync.c.obj
 *fill*         0x000000001000ef5b        0x1 
 .rodata.hardware_alarm_claim.str1.4
                0x000000001000ef5c       0x22 CMakeFiles/picampinos.dir/root/pico-sdk/src/rp2_common/hardware_timer/timer.c.obj
 *fill*         0x000000001000ef7e        0x2 
 .rodata.user_irq_claim_unused.str1.4
                0x000000001000ef80       0x1b CMakeFiles/picampinos.dir/root/pico-sdk/src/rp2_common/hardware_irq/irq.c.obj
 *fill*         0x000000001000ef9b        0x1 
 .rodata.hard_assertion_failure.str1.4
                0x000000001000ef9c        0xc CMakeFiles/picampinos.dir/root/pico-sdk/src/rp2_common/pico_runtime/runtime.c.obj
 .rodata.panic.str1.4
                0x000000001000efa8       0x12 CMakeFiles/picampinos.dir/root/pico-sdk/src/rp2_common/pico_runtime/runtime.c.obj
 *fill*         0x000000001000efba        0x2 
 .rodata._vsnprintf
                0x000000001000efbc      0x1e0 CMakeFiles/picampinos.dir/root/pico-sdk/src/rp2_common/pico_printf/printf.c.obj
 .rodata._etoa.part.0.str1.4
                0x000000001000f19c        0x9 CMakeFiles/picampinos.dir/root/pico-sdk/src/rp2_common/pico_printf/printf.c.obj
 *fill*         0x000000001000f1a5        0x3 
 .rodata._ftoa.str1.4
                0x000000001000f1a8        0xc CMakeFiles/picampinos.dir/root/pico-sdk/src/rp2_common/pico_printf/printf.c.obj
 *fill*         0x000000001000f1b4        0x4 
 .rodata.pow10.5391
                0x000000001000f1b8       0x50 CMakeFiles/picampinos.dir/root/pico-sdk/src/rp2_common/pico_printf/printf.c.obj
 .rodata.__bi_44
                0x000000001000f208        0xc CMakeFiles/picampinos.dir/root/pico-sdk/src/rp2_common/pico_standard_link/binary_info.c.obj
 .rodata.__bi_75
                0x000000001000f214        0xc CMakeFiles/picampinos.dir/root/pico-sdk/src/rp2_common/pico_standard_link/binary_info.c.obj
 .rodata.__bi_81
                0x000000001000f220        0xc CMakeFiles/picampinos.dir/root/pico-sdk/src/rp2_common/pico_standard_link/binary_info.c.obj
 .rodata.str1.4
                0x000000001000f22c       0x40 CMakeFiles/picampinos.dir/root/pico-sdk/src/rp2_common/pico_standard_link/binary_info.c.obj
 .rodata.crlf_str.6012
                0x000000001000f26c        0x2 CMakeFiles/picampinos.dir/root/pico-sdk/src/rp2_common/pico_stdio/stdio.c.obj
 *fill*         0x000000001000f26e        0x2 
 .rodata.__bi_28.4819
                0x000000001000f270        0xc CMakeFiles/picampinos.dir/root/pico-sdk/src/rp2_common/pico_stdio_uart/stdio_uart.c.obj
 .rodata.__bi_29.4823
                0x000000001000f27c        0x8 CMakeFiles/picampinos.dir/root/pico-sdk/src/rp2_common/pico_stdio_uart/stdio_uart.c.obj
 .rodata.str1.4
                0x000000001000f284       0x2c CMakeFiles/picampinos.dir/root/pico-sdk/src/rp2_common/pico_stdio_uart/stdio_uart.c.obj
 .rodata._resetd_driver
                0x000000001000f2b0       0x18 CMakeFiles/picampinos.dir/root/pico-sdk/src/rp2_common/pico_stdio_usb/reset_interface.c.obj
 .rodata.__bi_118.7154
                0x000000001000f2c8        0xc CMakeFiles/picampinos.dir/root/pico-sdk/src/rp2_common/pico_stdio_usb/stdio_usb.c.obj
 .rodata.str1.4
                0x000000001000f2d4       0x13 CMakeFiles/picampinos.dir/root/pico-sdk/src/rp2_common/pico_stdio_usb/stdio_usb.c.obj
 *fill*         0x000000001000f2e7        0x1 
 .rodata.str1.4
                0x000000001000f2e8       0x2a CMakeFiles/picampinos.dir/root/pico-sdk/src/rp2_common/pico_stdio_usb/stdio_usb_descriptors.c.obj
 *fill*         0x000000001000f312        0x2 
 .rodata.usbd_desc_cfg
                0x000000001000f314       0x54 CMakeFiles/picampinos.dir/root/pico-sdk/src/rp2_common/pico_stdio_usb/stdio_usb_descriptors.c.obj
 .rodata.usbd_desc_device
                0x000000001000f368       0x12 CMakeFiles/picampinos.dir/root/pico-sdk/src/rp2_common/pico_stdio_usb/stdio_usb_descriptors.c.obj
 *fill*         0x000000001000f37a        0x2 
 .rodata.usbd_desc_str
                0x000000001000f37c       0x18 CMakeFiles/picampinos.dir/root/pico-sdk/src/rp2_common/pico_stdio_usb/stdio_usb_descriptors.c.obj
 .rodata.dcd_rp2040_irq.str1.4
                0x000000001000f394       0x14 CMakeFiles/picampinos.dir/root/pico-sdk/lib/tinyusb/src/portable/raspberrypi/rp2040/dcd_rp2040.c.obj
 .rodata._hw_endpoint_buffer_control_update32.str1.4
                0x000000001000f3a8       0x1f CMakeFiles/picampinos.dir/root/pico-sdk/lib/tinyusb/src/portable/raspberrypi/rp2040/rp2040_usb.c.obj
 *fill*         0x000000001000f3c7        0x1 
 .rodata.hw_endpoint_xfer_continue.str1.4
                0x000000001000f3c8       0x29 CMakeFiles/picampinos.dir/root/pico-sdk/lib/tinyusb/src/portable/raspberrypi/rp2040/rp2040_usb.c.obj
 .rodata.str1.4
                0x000000001000f3f1       0x29 CMakeFiles/picampinos.dir/root/pico-sdk/lib/tinyusb/src/portable/raspberrypi/rp2040/rp2040_usb.c.obj
                                          0x7 (size before relaxing)
 *fill*         0x000000001000f3f1        0x3 
 .rodata.tud_task
                0x000000001000f3f4       0x8c CMakeFiles/picampinos.dir/root/pico-sdk/lib/tinyusb/src/device/usbd.c.obj
 .rodata._usbd_driver
                0x000000001000f480       0x18 CMakeFiles/picampinos.dir/root/pico-sdk/lib/tinyusb/src/device/usbd.c.obj
 .rodata.pio_add_program.str1.4
                0x000000001000f498       0x11 CMakeFiles/picampinos.dir/root/pico-sdk/src/rp2_common/hardware_pio/pio.c.obj
 *fill*         0x000000001000f4a9        0x3 
 .rodata.pio_claim_unused_sm.str1.4
                0x000000001000f4ac       0x24 CMakeFiles/picampinos.dir/root/pico-sdk/src/rp2_common/hardware_pio/pio.c.obj
 .rodata.dma_claim_unused_channel.str1.4
                0x000000001000f4d0       0x20 CMakeFiles/picampinos.dir/root/pico-sdk/src/rp2_common/hardware_dma/dma.c.obj
                                         0x1e (size before relaxing)
                0x000000001000f4f0                . = ALIGN (0x4)
 *(SORT_BY_ALIGNMENT(SORT_BY_NAME(.flashdata*)))
                0x000000001000f4f0                . = ALIGN (0x4)

.rel.dyn        0x000000001000f4f0        0x0
 .rel.iplt      0x000000001000f4f0        0x0 /usr/lib/gcc/arm-none-eabi/7.3.1/thumb/v6-m/crtbegin.o

.ARM.extab
 *(.ARM.extab* .gnu.linkonce.armextab.*)
                0x000000001000f4f0                __exidx_start = .

.ARM.exidx
 *(.ARM.exidx* .gnu.linkonce.armexidx.*)
                0x000000001000f4f0                __exidx_end = .
                0x000000001000f4f0                . = ALIGN (0x4)
                0x000000001000f4f0                __binary_info_start = .

.binary_info    0x000000001000f4f0       0x28
 *(.binary_info.keep.*)
 .binary_info.keep.__bi_ptr22
                0x000000001000f4f0        0x4 CMakeFiles/picampinos.dir/root/pico-sdk/src/rp2_common/pico_standard_link/binary_info.c.obj
 .binary_info.keep.__bi_ptr30
                0x000000001000f4f4        0x4 CMakeFiles/picampinos.dir/root/pico-sdk/src/rp2_common/pico_standard_link/binary_info.c.obj
 .binary_info.keep.__bi_ptr38
                0x000000001000f4f8        0x4 CMakeFiles/picampinos.dir/root/pico-sdk/src/rp2_common/pico_standard_link/binary_info.c.obj
 .binary_info.keep.__bi_ptr44
                0x000000001000f4fc        0x4 CMakeFiles/picampinos.dir/root/pico-sdk/src/rp2_common/pico_standard_link/binary_info.c.obj
 .binary_info.keep.__bi_ptr50
                0x000000001000f500        0x4 CMakeFiles/picampinos.dir/root/pico-sdk/src/rp2_common/pico_standard_link/binary_info.c.obj
 .binary_info.keep.__bi_ptr75
                0x000000001000f504        0x4 CMakeFiles/picampinos.dir/root/pico-sdk/src/rp2_common/pico_standard_link/binary_info.c.obj
 .binary_info.keep.__bi_ptr81
                0x000000001000f508        0x4 CMakeFiles/picampinos.dir/root/pico-sdk/src/rp2_common/pico_standard_link/binary_info.c.obj
 *(.binary_info.*)
 .binary_info.__bi_ptr28
                0x000000001000f50c        0x4 CMakeFiles/picampinos.dir/root/pico-sdk/src/rp2_common/pico_stdio_uart/stdio_uart.c.obj
 .binary_info.__bi_ptr29
                0x000000001000f510        0x4 CMakeFiles/picampinos.dir/root/pico-sdk/src/rp2_common/pico_stdio_uart/stdio_uart.c.obj
 .binary_info.__bi_ptr118
                0x000000001000f514        0x4 CMakeFiles/picampinos.dir/root/pico-sdk/src/rp2_common/pico_stdio_usb/stdio_usb.c.obj
                0x000000001000f518                __binary_info_end = .
                0x000000001000f518                . = ALIGN (0x4)
                0x000000001000f518                __etext = .

.ram_vector_table
                0x0000000020000000       0xc0
 *(.ram_vector_table)
 .ram_vector_table
                0x0000000020000000       0xc0 CMakeFiles/picampinos.dir/root/pico-sdk/src/rp2_common/pico_runtime/runtime.c.obj
                0x0000000020000000                ram_vector_table

.data           0x00000000200000c0     0x1fa8 load address 0x000000001000f518
                0x00000000200000c0                __data_start__ = .
 *(vtable)
 *(.time_critical*)
 .time_critical.udp_packet_gen
                0x00000000200000c0      0x170 CMakeFiles/picampinos.dir/udp.c.obj
                0x00000000200000c0                udp_packet_gen
 .time_critical.tbl_4b5b
                0x0000000020000230      0x200 CMakeFiles/picampinos.dir/udp.c.obj
 .time_critical.tbl_nrzi
                0x0000000020000430     0x1000 CMakeFiles/picampinos.dir/udp.c.obj
 .time_critical.mutex_enter_blocking
                0x0000000020001430       0x48 CMakeFiles/picampinos.dir/root/pico-sdk/src/common/pico_sync/mutex.c.obj
                0x0000000020001430                mutex_enter_blocking
 .time_critical.mutex_try_enter
                0x0000000020001478       0x48 CMakeFiles/picampinos.dir/root/pico-sdk/src/common/pico_sync/mutex.c.obj
                0x0000000020001478                mutex_try_enter
 .time_critical.mutex_enter_timeout_ms
                0x00000000200014c0       0x98 CMakeFiles/picampinos.dir/root/pico-sdk/src/common/pico_sync/mutex.c.obj
                0x00000000200014c0                mutex_enter_timeout_ms
 .time_critical.mutex_exit
                0x0000000020001558       0x28 CMakeFiles/picampinos.dir/root/pico-sdk/src/common/pico_sync/mutex.c.obj
                0x0000000020001558                mutex_exit
 .time_critical.flash_init_boot2_copyout
                0x0000000020001580       0x34 CMakeFiles/picampinos.dir/root/pico-sdk/src/rp2_common/hardware_flash/flash.c.obj
 .time_critical.flash_enable_xip_via_boot2
                0x00000000200015b4       0x10 CMakeFiles/picampinos.dir/root/pico-sdk/src/rp2_common/hardware_flash/flash.c.obj
 .time_critical.flash_cs_force
                0x00000000200015c4       0x38 CMakeFiles/picampinos.dir/root/pico-sdk/src/rp2_common/hardware_flash/flash.c.obj
 .time_critical.flash_do_cmd
                0x00000000200015fc       0xac CMakeFiles/picampinos.dir/root/pico-sdk/src/rp2_common/hardware_flash/flash.c.obj
                0x00000000200015fc                flash_do_cmd
 *(.text*)
 .text          0x00000000200016a8        0x4 /usr/lib/gcc/arm-none-eabi/7.3.1/thumb/v6-m/libgcc.a(_dvmd_tls.o)
                0x00000000200016a8                __aeabi_ldiv0
                0x00000000200016a8                __aeabi_idiv0
 *fill*         0x00000000200016ac        0x4 
 .text.__stub   0x00000000200016b0       0x40 linker stubs
                0x00000000200016f0                . = ALIGN (0x4)
 *(.rodata*)
                0x00000000200016f0                . = ALIGN (0x4)
 *(.data*)
 .data.irq_indicate_reset
                0x00000000200016f0        0x1 CMakeFiles/picampinos.dir/cam.c.obj
                0x00000000200016f0                irq_indicate_reset
 *fill*         0x00000000200016f1        0x3 
 .data.pio_cam  0x00000000200016f4        0x4 CMakeFiles/picampinos.dir/cam.c.obj
                0x00000000200016f4                pio_cam
 .data.pio_iot  0x00000000200016f8        0x4 CMakeFiles/picampinos.dir/cam.c.obj
                0x00000000200016f8                pio_iot
 .data.pio_sfp  0x00000000200016fc        0x4 CMakeFiles/picampinos.dir/cam.c.obj
                0x00000000200016fc                pio_sfp
 .data.striped_spin_lock_num
                0x0000000020001700        0x1 CMakeFiles/picampinos.dir/root/pico-sdk/src/rp2_common/hardware_sync/sync.c.obj
 *fill*         0x0000000020001701        0x3 
 .data.default_alarm_pool
                0x0000000020001704       0x18 CMakeFiles/picampinos.dir/root/pico-sdk/src/common/pico_time/time.c.obj
 .data.default_alarm_pool_heap
                0x000000002000171c       0x10 CMakeFiles/picampinos.dir/root/pico-sdk/src/common/pico_time/time.c.obj
 .data          0x000000002000172c       0x48 CMakeFiles/picampinos.dir/root/pico-sdk/src/rp2_common/hardware_irq/irq_handler_chain.S.obj
                0x000000002000172c                irq_handler_chain_slots
                0x000000002000175c                irq_handler_chain_first_slot
                0x0000000020001766                irq_handler_chain_remove_tail
 *fill*         0x0000000020001774        0xc 
 .data.aeabi_bits_funcs
                0x0000000020001780       0x10 CMakeFiles/picampinos.dir/root/pico-sdk/src/rp2_common/pico_bit_ops/bit_ops_aeabi.S.obj
                0x0000000020001780                aeabi_bits_funcs
                0x0000000020001790                aeabi_bits_funcs_end
 .data.aeabi_mem_funcs
                0x0000000020001790       0x10 CMakeFiles/picampinos.dir/root/pico-sdk/src/rp2_common/pico_mem_ops/mem_ops_aeabi.S.obj
                0x0000000020001790                aeabi_mem_funcs
                0x00000000200017a0                aeabi_mem_funcs_end
 .data.stdio_uart
                0x00000000200017a0       0x14 CMakeFiles/picampinos.dir/root/pico-sdk/src/rp2_common/pico_stdio_uart/stdio_uart.c.obj
                0x00000000200017a0                stdio_uart
 .data.stdio_usb
                0x00000000200017b4       0x14 CMakeFiles/picampinos.dir/root/pico-sdk/src/rp2_common/pico_stdio_usb/stdio_usb.c.obj
                0x00000000200017b4                stdio_usb
 .data.ep_dir_string
                0x00000000200017c8        0x8 CMakeFiles/picampinos.dir/root/pico-sdk/lib/tinyusb/src/portable/raspberrypi/rp2040/rp2040_usb.c.obj
                0x00000000200017c8                ep_dir_string
 .data._usbd_qdef
                0x00000000200017d0       0x24 CMakeFiles/picampinos.dir/root/pico-sdk/lib/tinyusb/src/device/usbd.c.obj
                0x00000000200017d0                _usbd_qdef
 .data.i2c0_inst
                0x00000000200017f4        0x8 CMakeFiles/picampinos.dir/root/pico-sdk/src/rp2_common/hardware_i2c/i2c.c.obj
                0x00000000200017f4                i2c0_inst
 .data.i2c1_inst
                0x00000000200017fc        0x8 CMakeFiles/picampinos.dir/root/pico-sdk/src/rp2_common/hardware_i2c/i2c.c.obj
                0x00000000200017fc                i2c1_inst
 *fill*         0x0000000020001804        0x4 
 .data          0x0000000020001808      0x430 /usr/lib/gcc/arm-none-eabi/7.3.1/../../../arm-none-eabi/lib/thumb/v6-m/libc.a(lib_a-impure.o)
                0x0000000020001808                _impure_ptr
 .data          0x0000000020001c38      0x410 /usr/lib/gcc/arm-none-eabi/7.3.1/../../../arm-none-eabi/lib/thumb/v6-m/libc.a(lib_a-mallocr.o)
                0x0000000020001c38                __malloc_sbrk_base
                0x0000000020001c3c                __malloc_trim_threshold
                0x0000000020001c40                __malloc_av_
                0x0000000020002048                . = ALIGN (0x4)
 *(.after_data.*)
                0x0000000020002048                . = ALIGN (0x4)
                0x0000000020002048                PROVIDE (__mutex_array_start = .)
 *(SORT_BY_NAME(.mutex_array.*))
 *(.mutex_array)
 .mutex_array   0x0000000020002048        0x8 CMakeFiles/picampinos.dir/root/pico-sdk/src/rp2_common/pico_stdio/stdio.c.obj
                0x0000000020002050                PROVIDE (__mutex_array_end = .)
                0x0000000020002050                . = ALIGN (0x4)
                0x0000000020002050                PROVIDE (__preinit_array_start = .)
 *(SORT_BY_NAME(.preinit_array.*))
 .preinit_array.00001
                0x0000000020002050        0x4 CMakeFiles/picampinos.dir/root/pico-sdk/src/rp2_common/pico_mem_ops/mem_ops_aeabi.S.obj
 .preinit_array.00010
                0x0000000020002054        0x4 CMakeFiles/picampinos.dir/root/pico-sdk/src/rp2_common/pico_bit_ops/bit_ops_aeabi.S.obj
 .preinit_array.00020
                0x0000000020002058        0x4 CMakeFiles/picampinos.dir/root/pico-sdk/src/rp2_common/pico_double/double_aeabi.S.obj
 .preinit_array.00020
                0x000000002000205c        0x4 CMakeFiles/picampinos.dir/root/pico-sdk/src/rp2_common/pico_float/float_aeabi.S.obj
 *(.preinit_array)
                0x0000000020002060                PROVIDE (__preinit_array_end = .)
                0x0000000020002060                . = ALIGN (0x4)
                0x0000000020002060                PROVIDE (__init_array_start = .)
 *(SORT_BY_NAME(.init_array.*))
 *(.init_array)
 .init_array    0x0000000020002060        0x4 /usr/lib/gcc/arm-none-eabi/7.3.1/thumb/v6-m/crtbegin.o
 .init_array    0x0000000020002064        0x4 CMakeFiles/picampinos.dir/root/pico-sdk/src/rp2_common/pico_unique_id/unique_id.c.obj
                0x0000000020002068                PROVIDE (__init_array_end = .)
                0x0000000020002068                . = ALIGN (0x4)
                0x0000000020002068                PROVIDE (__fini_array_start = .)
 *(SORT_BY_NAME(.fini_array.*))
 *(.fini_array)
                0x0000000020002068                PROVIDE (__fini_array_end = .)
 *(.jcr)
                0x0000000020002068                . = ALIGN (0x4)
                0x0000000020002068                __data_end__ = .

.tm_clone_table
                0x0000000020002068        0x0 load address 0x00000000100114c0
 .tm_clone_table
                0x0000000020002068        0x0 /usr/lib/gcc/arm-none-eabi/7.3.1/thumb/v6-m/crtbegin.o
 .tm_clone_table
                0x0000000020002068        0x0 /usr/lib/gcc/arm-none-eabi/7.3.1/thumb/v6-m/crtend.o

.igot.plt       0x0000000020002068        0x0 load address 0x00000000100114c0
 .igot.plt      0x0000000020002068        0x0 /usr/lib/gcc/arm-none-eabi/7.3.1/thumb/v6-m/crtbegin.o

.uninitialized_data
                0x0000000020002068        0x0 load address 0x00000000100114c0
                0x0000000020002068                . = ALIGN (0x4)
 *(.uninitialized_data*)

.scratch_x      0x0000000020040000        0x0 load address 0x00000000100114c0
                0x0000000020040000                __scratch_x_start__ = .
 *(.scratch_x.*)
                0x0000000020040000                . = ALIGN (0x4)
                0x0000000020040000                __scratch_x_end__ = .
                0x00000000100114c0                __scratch_x_source__ = LOADADDR (.scratch_x)

.scratch_y      0x0000000020041000        0x0 load address 0x00000000100114c0
                0x0000000020041000                __scratch_y_start__ = .
 *(.scratch_y.*)
                0x0000000020041000                . = ALIGN (0x4)
                0x0000000020041000                __scratch_y_end__ = .
                0x00000000100114c0                __scratch_y_source__ = LOADADDR (.scratch_y)

.bss            0x0000000020002068     0x3c40
                0x0000000020002068                . = ALIGN (0x4)
                0x0000000020002068                __bss_start__ = .
 *(SORT_BY_ALIGNMENT(SORT_BY_NAME(.bss*)))
 .bss.default_alarm_pool_entries
                0x0000000020002068      0x100 CMakeFiles/picampinos.dir/root/pico-sdk/src/common/pico_time/time.c.obj
 .bss.last_avail_time.7133
                0x0000000020002168        0x8 CMakeFiles/picampinos.dir/root/pico-sdk/src/rp2_common/pico_stdio_usb/stdio_usb.c.obj
 .bss           0x0000000020002170       0x1c /usr/lib/gcc/arm-none-eabi/7.3.1/thumb/v6-m/crtbegin.o
 .bss           0x000000002000218c       0x34 /usr/lib/gcc/arm-none-eabi/7.3.1/../../../arm-none-eabi/lib/thumb/v6-m/libc.a(lib_a-mallocr.o)
                0x000000002000218c                __malloc_top_pad
                0x0000000020002190                __malloc_current_mallinfo
                0x00000000200021b8                __malloc_max_sbrked_mem
                0x00000000200021bc                __malloc_max_total_mem
 .bss._app_driver
                0x00000000200021c0        0x4 CMakeFiles/picampinos.dir/root/pico-sdk/lib/tinyusb/src/device/usbd.c.obj
 .bss._cdcd_itf
                0x00000000200021c4      0x2d8 CMakeFiles/picampinos.dir/root/pico-sdk/lib/tinyusb/src/class/cdc/cdc_device.c.obj
 .bss._ctrl_xfer
                0x000000002000249c       0x14 CMakeFiles/picampinos.dir/root/pico-sdk/lib/tinyusb/src/device/usbd_control.c.obj
 .bss._ubsd_mutexdef
                0x00000000200024b0        0x8 CMakeFiles/picampinos.dir/root/pico-sdk/lib/tinyusb/src/device/usbd.c.obj
 .bss._usbd_ctrl_buf
                0x00000000200024b8       0x40 CMakeFiles/picampinos.dir/root/pico-sdk/lib/tinyusb/src/device/usbd_control.c.obj
 .bss._usbd_dev
                0x00000000200024f8       0x53 CMakeFiles/picampinos.dir/root/pico-sdk/lib/tinyusb/src/device/usbd.c.obj
 *fill*         0x000000002000254b        0x1 
 .bss._usbd_mutex
                0x000000002000254c        0x4 CMakeFiles/picampinos.dir/root/pico-sdk/lib/tinyusb/src/device/usbd.c.obj
 .bss._usbd_q   0x0000000020002550        0x4 CMakeFiles/picampinos.dir/root/pico-sdk/lib/tinyusb/src/device/usbd.c.obj
 .bss._used_instruction_space
                0x0000000020002554        0x8 CMakeFiles/picampinos.dir/root/pico-sdk/src/rp2_common/hardware_pio/pio.c.obj
 .bss.alarm_callbacks
                0x000000002000255c       0x10 CMakeFiles/picampinos.dir/root/pico-sdk/src/rp2_common/hardware_timer/timer.c.obj
 .bss.b.8873    0x000000002000256c        0x4 CMakeFiles/picampinos.dir/cam.c.obj
 .bss.boot2_copyout
                0x0000000020002570      0x100 CMakeFiles/picampinos.dir/root/pico-sdk/src/rp2_common/hardware_flash/flash.c.obj
 .bss.claimed   0x0000000020002670        0x4 CMakeFiles/picampinos.dir/root/pico-sdk/src/rp2_common/hardware_sync/sync.c.obj
 .bss.configured_freq
                0x0000000020002674       0x28 CMakeFiles/picampinos.dir/root/pico-sdk/src/rp2_common/hardware_clocks/clocks.c.obj
 .bss.crc_table
                0x000000002000269c      0x400 CMakeFiles/picampinos.dir/udp.c.obj
 .bss.data_10b  0x0000000020002a9c      0xa96 CMakeFiles/picampinos.dir/udp.c.obj
 *fill*         0x0000000020003532        0x2 
 .bss.data_8b   0x0000000020003534      0x54a CMakeFiles/picampinos.dir/udp.c.obj
 *fill*         0x0000000020003a7e        0x2 
 .bss.default_alarm_pool_entry_ids_high
                0x0000000020003a80       0x10 CMakeFiles/picampinos.dir/root/pico-sdk/src/common/pico_time/time.c.obj
 .bss.default_alarm_pool_heap_nodes
                0x0000000020003a90       0x30 CMakeFiles/picampinos.dir/root/pico-sdk/src/common/pico_time/time.c.obj
 .bss.desc_str.7018
                0x0000000020003ac0       0x28 CMakeFiles/picampinos.dir/root/pico-sdk/src/rp2_common/pico_stdio_usb/stdio_usb_descriptors.c.obj
 .bss.drivers   0x0000000020003ae8        0x4 CMakeFiles/picampinos.dir/root/pico-sdk/src/rp2_common/pico_stdio/stdio.c.obj
 .bss.filter    0x0000000020003aec        0x4 CMakeFiles/picampinos.dir/root/pico-sdk/src/rp2_common/pico_stdio/stdio.c.obj
 .bss.heap_end.5812
                0x0000000020003af0        0x4 CMakeFiles/picampinos.dir/root/pico-sdk/src/rp2_common/pico_runtime/runtime.c.obj
 .bss.hw_endpoints
                0x0000000020003af4      0x400 CMakeFiles/picampinos.dir/root/pico-sdk/lib/tinyusb/src/portable/raspberrypi/rp2040/dcd_rp2040.c.obj
 .bss.iot_addr.8871
                0x0000000020003ef4        0x4 CMakeFiles/picampinos.dir/cam.c.obj
 .bss.lazy_vsnprintf
                0x0000000020003ef8        0x4 CMakeFiles/picampinos.dir/root/pico-sdk/src/rp2_common/pico_printf/printf.c.obj
 .bss.load_value
                0x0000000020003efc        0x4 CMakeFiles/picampinos.dir/root/pico-sdk/src/rp2_common/hardware_watchdog/watchdog.c.obj
 .bss.next_buffer_ptr
                0x0000000020003f00        0x4 CMakeFiles/picampinos.dir/root/pico-sdk/lib/tinyusb/src/portable/raspberrypi/rp2040/dcd_rp2040.c.obj
 .bss.num_of_call_this.8872
                0x0000000020003f04        0x4 CMakeFiles/picampinos.dir/cam.c.obj
 .bss.offset    0x0000000020003f08        0x4 CMakeFiles/picampinos.dir/sfp_hw.c.obj
                0x0000000020003f08                offset
 .bss.pools     0x0000000020003f0c       0x10 CMakeFiles/picampinos.dir/root/pico-sdk/src/common/pico_time/time.c.obj
 .bss.retrieved_id
                0x0000000020003f1c        0x8 CMakeFiles/picampinos.dir/root/pico-sdk/src/rp2_common/pico_unique_id/unique_id.c.obj
 .bss.sf_clz_func
                0x0000000020003f24        0x4 CMakeFiles/picampinos.dir/root/pico-sdk/src/rp2_common/pico_double/double_init_rom.c.obj
                0x0000000020003f24                sf_clz_func
 .bss.sleep_notifier
                0x0000000020003f28        0x4 CMakeFiles/picampinos.dir/root/pico-sdk/src/common/pico_time/time.c.obj
 .bss.stdio_usb_mutex
                0x0000000020003f2c        0x8 CMakeFiles/picampinos.dir/root/pico-sdk/src/rp2_common/pico_stdio_usb/stdio_usb.c.obj
 .bss.target_hi
                0x0000000020003f34       0x10 CMakeFiles/picampinos.dir/root/pico-sdk/src/rp2_common/hardware_timer/timer.c.obj
 .bss.tx_buf_udp
                0x0000000020003f44     0x152c CMakeFiles/picampinos.dir/sfp_hw.c.obj
                0x0000000020003f44                tx_buf_udp
 .bss.uart_instance
                0x0000000020005470        0x4 CMakeFiles/picampinos.dir/root/pico-sdk/src/rp2_common/pico_stdio_uart/stdio_uart.c.obj
 .bss.udp_payload
                0x0000000020005474      0x514 CMakeFiles/picampinos.dir/sfp_hw.c.obj
                0x0000000020005474                udp_payload
 .bss.usbd_serial_str
                0x0000000020005988       0x11 CMakeFiles/picampinos.dir/root/pico-sdk/src/rp2_common/pico_stdio_usb/stdio_usb_descriptors.c.obj
 *fill*         0x0000000020005999        0x3 
 .bss.user_irq_claimed
                0x000000002000599c        0x2 CMakeFiles/picampinos.dir/root/pico-sdk/src/rp2_common/hardware_irq/irq.c.obj
 .bss._claimed  0x000000002000599e        0x2 CMakeFiles/picampinos.dir/root/pico-sdk/src/rp2_common/hardware_dma/dma.c.obj
 .bss.ip_identifier
                0x00000000200059a0        0x2 CMakeFiles/picampinos.dir/udp.c.obj
 .bss._app_driver_count
                0x00000000200059a2        0x1 CMakeFiles/picampinos.dir/root/pico-sdk/lib/tinyusb/src/device/usbd.c.obj
 .bss._usbd_initialized
                0x00000000200059a3        0x1 CMakeFiles/picampinos.dir/root/pico-sdk/lib/tinyusb/src/device/usbd.c.obj
 .bss.boot2_copyout_valid
                0x00000000200059a4        0x1 CMakeFiles/picampinos.dir/root/pico-sdk/src/rp2_common/hardware_flash/flash.c.obj
 .bss.claimed   0x00000000200059a5        0x1 CMakeFiles/picampinos.dir/root/pico-sdk/src/rp2_common/hardware_timer/timer.c.obj
 .bss.claimed   0x00000000200059a6        0x1 CMakeFiles/picampinos.dir/root/pico-sdk/src/rp2_common/hardware_pio/pio.c.obj
 .bss.irq_hander_chain_free_slot_head
                0x00000000200059a7        0x1 CMakeFiles/picampinos.dir/root/pico-sdk/src/rp2_common/hardware_irq/irq.c.obj
 .bss.is_captured
                0x00000000200059a8        0x1 CMakeFiles/picampinos.dir/cam.c.obj
                0x00000000200059a8                is_captured
 .bss.itf_num   0x00000000200059a9        0x1 CMakeFiles/picampinos.dir/root/pico-sdk/src/rp2_common/pico_stdio_usb/reset_interface.c.obj
 .bss.low_priority_irq_num
                0x00000000200059aa        0x1 CMakeFiles/picampinos.dir/root/pico-sdk/src/rp2_common/pico_stdio_usb/stdio_usb.c.obj
 .bss.ram_in_write
                0x00000000200059ab        0x1 CMakeFiles/picampinos.dir/cam.c.obj
                0x00000000200059ab                ram_in_write
 .bss.ram_ind_read
                0x00000000200059ac        0x1 CMakeFiles/picampinos.dir/cam.c.obj
                0x00000000200059ac                ram_ind_read
 .bss.sfp_initialized
                0x00000000200059ad        0x1 CMakeFiles/picampinos.dir/sfp_hw.c.obj
                0x00000000200059ad                sfp_initialized
 .bss.timer_callbacks_pending
                0x00000000200059ae        0x1 CMakeFiles/picampinos.dir/root/pico-sdk/src/rp2_common/hardware_timer/timer.c.obj
 *(COMMON)
 *fill*         0x00000000200059af        0x1 
 COMMON         0x00000000200059b0       0x20 CMakeFiles/picampinos.dir/cam.c.obj
                0x00000000200059b0                cam_ptr2
                0x00000000200059b4                DMA_CAM_RD_CH0
                0x00000000200059b8                DMA_CAM_RD_CH1
                0x00000000200059bc                DMA_IOT_RD_CH
                0x00000000200059c0                iot_ptr
                0x00000000200059c4                DMA_IOT_WR_CH
                0x00000000200059c8                cam_ptr
                0x00000000200059cc                sm_cam
 COMMON         0x00000000200059d0        0x8 CMakeFiles/picampinos.dir/iot_sram.c.obj
                0x00000000200059d0                offset_iot
                0x00000000200059d4                sm_iot
 COMMON         0x00000000200059d8        0x8 CMakeFiles/picampinos.dir/sfp_hw.c.obj
                0x00000000200059d8                DMA_SER_WR0
                0x00000000200059dc                sm_sfp
 COMMON         0x00000000200059e0        0x4 CMakeFiles/picampinos.dir/root/pico-sdk/src/rp2_common/hardware_uart/uart.c.obj
                0x00000000200059e0                uart_char_to_line_feed
 COMMON         0x00000000200059e4      0x100 CMakeFiles/picampinos.dir/root/pico-sdk/src/rp2_common/pico_double/double_init_rom.c.obj
                0x00000000200059e4                sd_table
 COMMON         0x0000000020005ae4      0x100 CMakeFiles/picampinos.dir/root/pico-sdk/src/rp2_common/pico_float/float_init_rom.c.obj
                0x0000000020005ae4                sf_table
 COMMON         0x0000000020005be4       0xc0 CMakeFiles/picampinos.dir/root/pico-sdk/lib/tinyusb/src/device/usbd.c.obj
                0x0000000020005be4                _usbd_qdef_buf
 COMMON         0x0000000020005ca4        0x4 /usr/lib/gcc/arm-none-eabi/7.3.1/../../../arm-none-eabi/lib/thumb/v6-m/libc.a(lib_a-reent.o)
                0x0000000020005ca4                errno
                0x0000000020005ca8                . = ALIGN (0x4)
                0x0000000020005ca8                __bss_end__ = .

.heap           0x0000000020005ca8      0x800
                0x0000000020005ca8                __end__ = .
                0x0000000020005ca8                end = __end__
 *(.heap*)
 .heap          0x0000000020005ca8      0x800 CMakeFiles/picampinos.dir/root/pico-sdk/src/rp2_common/pico_standard_link/crt0.S.obj
                0x00000000200064a8                __HeapLimit = .

.stack1_dummy   0x0000000020040000        0x0
 *(.stack1*)

.stack_dummy    0x0000000020041000      0x800
 *(.stack*)
 .stack         0x0000000020041000      0x800 CMakeFiles/picampinos.dir/root/pico-sdk/src/rp2_common/pico_standard_link/crt0.S.obj

.flash_end      0x00000000100114c0        0x0
                0x00000000100114c0                __flash_binary_end = .
                0x0000000020040000                __StackLimit = (ORIGIN (RAM) + LENGTH (RAM))
                0x0000000020041000                __StackOneTop = (ORIGIN (SCRATCH_X) + LENGTH (SCRATCH_X))
                0x0000000020042000                __StackTop = (ORIGIN (SCRATCH_Y) + LENGTH (SCRATCH_Y))
                0x0000000020041000                __StackOneBottom = (__StackOneTop - SIZEOF (.stack1_dummy))
                0x0000000020041800                __StackBottom = (__StackTop - SIZEOF (.stack_dummy))
                0x0000000020042000                PROVIDE (__stack = __StackTop)
                0x0000000000000001                ASSERT ((__StackLimit >= __HeapLimit), region RAM overflowed)
                0x0000000000000001                ASSERT (((__binary_info_header_end - __logical_binary_start) <= 0x100), Binary info must be in first 256 bytes of the binary)
LOAD CMakeFiles/picampinos.dir/main.c.obj
LOAD CMakeFiles/picampinos.dir/cam.c.obj
LOAD CMakeFiles/picampinos.dir/sccb_if.c.obj
LOAD CMakeFiles/picampinos.dir/iot_sram.c.obj
LOAD CMakeFiles/picampinos.dir/ezspi_slave.c.obj
LOAD CMakeFiles/picampinos.dir/udp.c.obj
LOAD CMakeFiles/picampinos.dir/tbl_8b10b.c.obj
LOAD CMakeFiles/picampinos.dir/sfp_hw.c.obj
LOAD CMakeFiles/picampinos.dir/root/pico-sdk/src/rp2_common/pico_malloc/pico_malloc.c.obj
LOAD CMakeFiles/picampinos.dir/root/pico-sdk/src/common/pico_sync/sem.c.obj
LOAD CMakeFiles/picampinos.dir/root/pico-sdk/src/common/pico_sync/lock_core.c.obj
LOAD CMakeFiles/picampinos.dir/root/pico-sdk/src/rp2_common/hardware_sync/sync.c.obj
LOAD CMakeFiles/picampinos.dir/root/pico-sdk/src/rp2_common/hardware_claim/claim.c.obj
LOAD CMakeFiles/picampinos.dir/root/pico-sdk/src/rp2_common/pico_platform/platform.c.obj
LOAD CMakeFiles/picampinos.dir/root/pico-sdk/src/common/pico_time/time.c.obj
LOAD CMakeFiles/picampinos.dir/root/pico-sdk/src/common/pico_time/timeout_helper.c.obj
LOAD CMakeFiles/picampinos.dir/root/pico-sdk/src/rp2_common/hardware_timer/timer.c.obj
LOAD CMakeFiles/picampinos.dir/root/pico-sdk/src/common/pico_util/datetime.c.obj
LOAD CMakeFiles/picampinos.dir/root/pico-sdk/src/common/pico_util/pheap.c.obj
LOAD CMakeFiles/picampinos.dir/root/pico-sdk/src/common/pico_util/queue.c.obj
LOAD CMakeFiles/picampinos.dir/root/pico-sdk/src/common/pico_sync/mutex.c.obj
LOAD CMakeFiles/picampinos.dir/root/pico-sdk/src/common/pico_sync/critical_section.c.obj
LOAD CMakeFiles/picampinos.dir/root/pico-sdk/src/rp2_common/pico_stdlib/stdlib.c.obj
LOAD CMakeFiles/picampinos.dir/root/pico-sdk/src/rp2_common/hardware_gpio/gpio.c.obj
LOAD CMakeFiles/picampinos.dir/root/pico-sdk/src/rp2_common/hardware_irq/irq.c.obj
LOAD CMakeFiles/picampinos.dir/root/pico-sdk/src/rp2_common/hardware_irq/irq_handler_chain.S.obj
LOAD CMakeFiles/picampinos.dir/root/pico-sdk/src/rp2_common/hardware_uart/uart.c.obj
LOAD CMakeFiles/picampinos.dir/root/pico-sdk/src/rp2_common/hardware_divider/divider.S.obj
LOAD CMakeFiles/picampinos.dir/root/pico-sdk/src/rp2_common/pico_runtime/runtime.c.obj
LOAD CMakeFiles/picampinos.dir/root/pico-sdk/src/rp2_common/hardware_clocks/clocks.c.obj
LOAD CMakeFiles/picampinos.dir/root/pico-sdk/src/rp2_common/hardware_pll/pll.c.obj
LOAD CMakeFiles/picampinos.dir/root/pico-sdk/src/rp2_common/hardware_vreg/vreg.c.obj
LOAD CMakeFiles/picampinos.dir/root/pico-sdk/src/rp2_common/hardware_watchdog/watchdog.c.obj
LOAD CMakeFiles/picampinos.dir/root/pico-sdk/src/rp2_common/hardware_xosc/xosc.c.obj
LOAD CMakeFiles/picampinos.dir/root/pico-sdk/src/rp2_common/pico_printf/printf.c.obj
LOAD CMakeFiles/picampinos.dir/root/pico-sdk/src/rp2_common/pico_bit_ops/bit_ops_aeabi.S.obj
LOAD CMakeFiles/picampinos.dir/root/pico-sdk/src/rp2_common/pico_bootrom/bootrom.c.obj
LOAD CMakeFiles/picampinos.dir/root/pico-sdk/src/rp2_common/pico_divider/divider.S.obj
LOAD CMakeFiles/picampinos.dir/root/pico-sdk/src/rp2_common/pico_double/double_aeabi.S.obj
LOAD CMakeFiles/picampinos.dir/root/pico-sdk/src/rp2_common/pico_double/double_init_rom.c.obj